// Jest Snapshot v1, https://goo.gl/fbAQLP

exports[`<EntriesOnProtein /> should render 1`] = `
<div
  className="track-in-table"
>
  <div
    className="track-container"
  >
    <div
      className="aligned-to-track-component"
    >
      <nightingale-sequence
        display-end={882}
        display-start="1"
        height="30"
        length={882}
        use-ctrl-to-zoom={true}
      />
    </div>
  </div>
  <div
    className="track-component"
  >
    <Tooltip
      title="<b>IPR000001</b><br/>Kringle<br/><p>300-380</p>"
    >
      <nightingale-interpro-track
        display-end={882}
        display-start="1"
        expanded={true}
        id="track_IPR000001"
        length={882}
        shape="roundRectangle"
        use-ctrl-to-zoom={true}
      />
    </Tooltip>
  </div>
</div>
`;
