// Jest Snapshot v1, https://goo.gl/fbAQLP

exports[`<EntriesOnProtein /> should render 1`] = `
<div
  className="track-in-table"
>
  <div
    className="track-container"
  >
    <div
      className="aligned-to-track-component"
    >
      <Fr
        display-end={882}
        display-start={1}
        height={30}
        length={882}
        sequence="                                                                                                                                                                                                                                                                                                                                                                                                                                                                                                                                                                                                                                                                                                                                                                                                                                                                                                                  "
        use-ctrl-to-zoom={true}
      />
    </div>
  </div>
  <div
    className="track-component"
  >
    <TooltipForTrack
      message={
        <EntryPopup
          accession="IPR000001"
          dbName="interpro"
          locations={[]}
          name="Kringle"
        />
      }
      onMouseOverFeature={[Function]}
    >
      <mi
        data={[]}
        display-end={882}
        display-start={1}
        expanded={true}
        id="track_IPR000001"
        length={882}
        margin-color="#fafafa"
        shape="roundRectangle"
        use-ctrl-to-zoom={true}
        width={300}
      />
    </TooltipForTrack>
  </div>
</div>
`;
