// Jest Snapshot v1, https://goo.gl/fbAQLP

exports[`<BrowseTabsWithoutData /> should render 1`] = `
<ul
  className="tabs pp-browse-tabs"
>
  <li
    className="tabs-title"
  >
    <BrowseTabsLink
      data={
        {
          "loading": false,
          "payload": null,
        }
      }
      isFirstLevel={true}
      name="By InterPro"
      to={[Function]}
    />
  </li>
  <li
    className="tabs-title"
  >
    <BrowseTabsLink
      data={
        {
          "loading": false,
          "payload": null,
        }
      }
      isFirstLevel={true}
      name="By Member DB"
      to={[Function]}
    />
  </li>
  <li
    className="tabs-title"
  >
    <BrowseTabsLink
      data={
        {
          "loading": false,
          "payload": null,
        }
      }
      isFirstLevel={true}
      name="By Protein"
      to={[Function]}
    />
  </li>
  <li
    className="tabs-title"
  >
    <BrowseTabsLink
      data={
        {
          "loading": false,
          "payload": null,
        }
      }
      isFirstLevel={true}
      name="By Structure"
      to={[Function]}
    />
  </li>
  <li
    className="tabs-title"
  >
    <BrowseTabsLink
      data={
        {
          "loading": false,
          "payload": null,
        }
      }
      isFirstLevel={true}
      name="By Taxonomy"
      to={[Function]}
    />
  </li>
  <li
    className="tabs-title"
  >
    <BrowseTabsLink
      data={
        {
          "loading": false,
          "payload": null,
        }
      }
      isFirstLevel={true}
      name="By Proteome"
      to={[Function]}
    />
  </li>
  <li
    className="tabs-title"
  >
    <BrowseTabsLink
      data={
        {
          "loading": false,
          "payload": null,
        }
      }
      isFirstLevel={true}
      name="By Clan/Set"
      to={[Function]}
    />
  </li>
</ul>
`;
