// Jest Snapshot v1, https://goo.gl/fbAQLP

exports[`<Species /> should render 1`] = `
<Memo(ConnectFunction)
  to={
    Object {
      "description": Object {
        "main": Object {
          "key": "taxonomy",
        },
        "taxonomy": Object {
          "accession": "67581",
          "db": "uniprot",
        },
      },
    }
  }
>
  Streptomyces viridosporus
</Memo(ConnectFunction)>
`;
