// Jest Snapshot v1, https://goo.gl/fbAQLP

exports[`<Species /> should render 1`] = `
<Memo(Connect(Link))
  to={
    {
      "description": {
        "main": {
          "key": "taxonomy",
        },
        "taxonomy": {
          "accession": "67581",
          "db": "uniprot",
        },
      },
    }
  }
>
  Streptomyces viridosporus
</Memo(Connect(Link))>
`;
