// Jest Snapshot v1, https://goo.gl/fbAQLP

exports[`<DynamicMenu /> should render 1`] = `
<ul
  className="menu"
>
  <li
    className="menu-item visible"
    data-name="Home"
    data-testid="menu-tab-home"
  >
    <Memo(Connect(MenuItem))
      exact={true}
      to={
        Object {
          "description": Object {},
        }
      }
    >
      Home
    </Memo(Connect(MenuItem))>
  </li>
  <li
    className="menu-item visible"
    data-name="Search"
    data-testid="menu-tab-search"
  >
    <Memo(Connect(MenuItem))
      to={
        Object {
          "description": Object {
            "main": Object {
              "key": "search",
            },
          },
        }
      }
    >
      Search
    </Memo(Connect(MenuItem))>
  </li>
  <li
    className="menu-item visible"
    data-name="Browse"
    data-testid="menu-tab-browse"
  >
    <div
      className="dropdown"
    >
      <Memo(Connect(MenuItem))
        activeClass={[Function]}
        to={[Function]}
      >
        Browse
      </Memo(Connect(MenuItem))>
      <ul
        role="tree"
        tabIndex="0"
      >
        <li
          className="menu-item"
        >
          <Memo(Connect(MenuItem))
            activeClass="reactive"
            to={[Function]}
          >
            By Entry
          </Memo(Connect(MenuItem))>
        </li>
        <li
          className="menu-item"
        >
          <Memo(Connect(MenuItem))
            activeClass="reactive"
            to={[Function]}
          >
            By Protein
          </Memo(Connect(MenuItem))>
        </li>
        <li
          className="menu-item"
        >
          <Memo(Connect(MenuItem))
            activeClass="reactive"
            to={[Function]}
          >
            By Structure
          </Memo(Connect(MenuItem))>
        </li>
        <li
          className="menu-item"
        >
          <Memo(Connect(MenuItem))
            activeClass="reactive"
            to={[Function]}
          >
            By Taxonomy
          </Memo(Connect(MenuItem))>
        </li>
        <li
          className="menu-item"
        >
          <Memo(Connect(MenuItem))
            activeClass="reactive"
            to={[Function]}
          >
            By Proteome
          </Memo(Connect(MenuItem))>
        </li>
        <li
          className="menu-item"
        >
          <Memo(Connect(MenuItem))
            activeClass="reactive"
            to={[Function]}
          >
            By Set
          </Memo(Connect(MenuItem))>
        </li>
      </ul>
    </div>
  </li>
  <li
    className="menu-item visible"
    data-name="Results"
    data-testid="menu-tab-results"
  >
    <Memo(Connect(MenuItem))
      to={[Function]}
    >
      Results
    </Memo(Connect(MenuItem))>
  </li>
  <li
    className="menu-item visible"
    data-name="Release notes"
    data-testid="menu-tab-release_notes"
  >
    <Memo(Connect(MenuItem))
      to={
        Object {
          "description": Object {
            "other": Array [
              "release_notes",
            ],
          },
        }
      }
    >
      Release notes
    </Memo(Connect(MenuItem))>
  </li>
  <li
    className="menu-item visible"
    data-name="Download"
    data-testid="menu-tab-download"
  >
    <Memo(Connect(MenuItem))
      to={
        Object {
          "description": Object {
            "other": Array [
              "download",
            ],
          },
        }
      }
    >
      Download
    </Memo(Connect(MenuItem))>
  </li>
  <li
    className="menu-item visible"
    data-name="Help"
    data-testid="menu-tab-help"
  >
    <Memo(Connect(MenuItem))
      to={
        Object {
          "description": Object {
            "other": Array [
              "help",
            ],
          },
        }
      }
    >
      Help
    </Memo(Connect(MenuItem))>
  </li>
  <li
    className="menu-item visible"
    data-name="About"
    data-testid="menu-tab-about"
  >
    <Memo(Connect(MenuItem))
      to={
        Object {
          "description": Object {
            "other": Array [
              "about",
            ],
          },
        }
      }
    >
      About
    </Memo(Connect(MenuItem))>
  </li>
  <ul
    className="menu-item view-more"
    role="tree"
    tabIndex="0"
  >
    <span
      className="more-icon-container"
    >
      <img
        alt="view all menu items"
        src={Object {}}
        width="30px"
      />
    </span>
  </ul>
</ul>
`;
