// Jest Snapshot v1, https://goo.gl/fbAQLP

exports[`<DynamicMenu /> should render 1`] = `
<ul
  className="menu"
>
  <li
    className="menu-item visible"
    data-name="Home"
    data-testid="menu-tab-home"
  >
    <MenuItemWithEntities
      exact={true}
      name="Home"
      to={
        Object {
          "description": Object {},
        }
      }
    />
  </li>
  <li
    className="menu-item visible"
    data-name="Search"
    data-testid="menu-tab-search"
  >
    <MenuItemWithEntities
      entities={
        Array [
          Object {
            "activeClass": [Function],
            "name": "By Sequence",
            "to": Object {
              "description": Object {
                "main": Object {
                  "key": "search",
                },
                "search": Object {
                  "type": "sequence",
                },
              },
            },
          },
          Object {
            "activeClass": [Function],
            "name": "By Text",
            "to": Object {
              "description": Object {
                "main": Object {
                  "key": "search",
                },
                "search": Object {
                  "type": "text",
                },
              },
            },
          },
          Object {
            "activeClass": [Function],
            "name": "By Domain Architecture",
            "to": Object {
              "description": Object {
                "main": Object {
                  "key": "search",
                },
                "search": Object {
                  "type": "ida",
                },
              },
            },
          },
        ]
      }
      name="Search"
      to={
        Object {
          "description": Object {
            "main": Object {
              "key": "search",
            },
          },
        }
      }
    />
  </li>
  <li
    className="menu-item visible"
    data-name="Browse"
    data-testid="menu-tab-browse"
  >
    <MenuItemWithEntities
      activeClass={[Function]}
      entities={
        Array [
          Object {
            "name": "By InterPro",
            "to": [Function],
          },
          Object {
            "name": "By Member DB",
            "to": [Function],
          },
          Object {
            "name": "By Protein",
            "to": [Function],
          },
          Object {
            "name": "By Structure",
            "to": [Function],
          },
          Object {
            "name": "By Taxonomy",
            "to": [Function],
          },
          Object {
            "name": "By Proteome",
            "to": [Function],
          },
          Object {
            "name": "By Set",
            "to": [Function],
          },
        ]
      }
      name="Browse"
      to={[Function]}
    />
  </li>
  <li
    className="menu-item visible"
    data-name="Results"
    data-testid="menu-tab-results"
  >
    <MenuItemWithEntities
      entities={
        Array [
          Object {
            "activeClass": [Function],
            "name": "Your InterProScan searches",
            "to": Object {
              "description": Object {
                "main": Object {
                  "key": "result",
                },
                "result": Object {
                  "type": "InterProScan",
                },
              },
            },
          },
          Object {
            "activeClass": [Function],
            "name": "Your downloads",
            "to": Object {
              "description": Object {
                "main": Object {
                  "key": "result",
                },
                "result": Object {
                  "type": "download",
                },
              },
            },
          },
        ]
      }
      name="Results"
      to={[Function]}
    />
  </li>
  <li
    className="menu-item visible"
    data-name="Release notes"
    data-testid="menu-tab-release_notes"
  >
    <MenuItemWithEntities
      name="Release notes"
      to={
        Object {
          "description": Object {
            "other": Array [
              "release_notes",
            ],
          },
        }
      }
    />
  </li>
  <li
    className="menu-item visible"
    data-name="Download"
    data-testid="menu-tab-download"
  >
    <MenuItemWithEntities
      name="Download"
      to={
        Object {
          "description": Object {
            "other": Array [
              "download",
            ],
          },
        }
      }
    />
  </li>
  <li
    className="menu-item visible"
    data-name="Help"
    data-testid="menu-tab-help"
  >
    <MenuItemWithEntities
      entities={
        Array [
          Object {
            "activeClass": "is-active",
            "name": "Tutorials & Webinars",
            "to": Object {
              "description": Object {
                "other": Array [
                  "help",
                  "tutorial",
                ],
              },
            },
          },
          Object {
            "activeClass": "is-active",
            "name": "Training",
            "to": Object {
              "description": Object {
                "other": Array [
                  "help",
                  "training",
                ],
              },
            },
          },
          Object {
            "activeClass": "is-active",
            "name": "FAQs",
            "to": Object {
              "description": Object {
                "other": Array [
                  "help",
                  "faqs",
                ],
              },
            },
          },
          Object {
            "activeClass": "is-active",
            "name": "Documentation",
            "to": Object {
              "description": Object {
                "other": Array [
                  "help",
                  "documentation",
                ],
              },
            },
          },
        ]
      }
      name="Help"
      to={
        Object {
          "description": Object {
            "other": Array [
              "help",
            ],
          },
        }
      }
    />
  </li>
  <li
    className="menu-item visible"
    data-name="About"
    data-testid="menu-tab-about"
  >
    <MenuItemWithEntities
      entities={
        Array [
          Object {
            "activeClass": "is-active",
            "name": "InterPro",
            "to": Object {
              "description": Object {
                "other": Array [
                  "about",
                  "interpro",
                ],
              },
            },
          },
          Object {
            "activeClass": "is-active",
            "name": "InterProScan",
            "to": Object {
              "description": Object {
                "other": Array [
                  "about",
                  "interproscan",
                ],
              },
            },
          },
          Object {
            "activeClass": "is-active",
            "name": "The InterPro Consortium",
            "to": Object {
              "description": Object {
                "other": Array [
                  "about",
                  "consortium",
                ],
              },
            },
          },
          Object {
            "activeClass": "is-active",
            "name": "Funding",
            "to": Object {
              "description": Object {
                "other": Array [
                  "about",
                  "funding",
                ],
              },
            },
          },
          Object {
            "activeClass": "is-active",
            "name": "Privacy",
            "to": Object {
              "description": Object {
                "other": Array [
                  "about",
                  "privacy",
                ],
              },
            },
          },
          Object {
            "activeClass": "is-active",
            "name": "Team",
            "to": Object {
              "description": Object {
                "other": Array [
                  "about",
                  "team",
                ],
              },
            },
          },
        ]
      }
      name="About"
      to={
        Object {
          "description": Object {
            "other": Array [
              "about",
            ],
          },
        }
      }
    />
  </li>
  <ul
    className="menu-item view-more"
    role="tree"
    tabIndex="0"
  >
    <span
      className="more-icon-container"
    >
      <img
        alt="view all menu items"
        src={Object {}}
        width="30px"
      />
    </span>
  </ul>
</ul>
`;
