// Jest Snapshot v1, https://goo.gl/fbAQLP

exports[`<Documentation /> should render 1`] = `
<section>
  <div
    className="row"
  >
    <div
      className="columns large-8"
    >
      <div
        className="flex-container"
      >
        <div
          className="flex-box"
        >
          <span
            className="icon icon-common xl"
            data-icon=""
          />
          <h5>
            Technical specs
          </h5>
          <ul>
            <li>
              <Connect(Link)
                className="ext"
                href="https://github.com/ProteinsWebTeam/interpro7-api/tree/master/docs"
                target="_blank"
              >
                General API documentation
              </Connect(Link)>
            </li>
            <li>
              <Connect(Link)
                href="//www.ebi.ac.uk/interpro/beta/api/static_files/swagger/"
              >
                Swagger API documentation
              </Connect(Link)>
            </li>
            <li>
              <Connect(Link)
                href="/interpro/job/download/#/entry/"
              >
                Code snippet generator
              </Connect(Link)>
            </li>
            <li>
              <Connect(Link)
                className="ext"
                href="//www.ebi.ac.uk/Tools/webservices/"
                target="_blank"
              >
                Web services
              </Connect(Link)>
            </li>
            <li>
              <Connect(Link)
                to={
                  Object {
                    "description": Object {
                      "other": Array [
                        "release_notes",
                      ],
                    },
                  }
                }
              >
                Release notes
              </Connect(Link)>
            </li>
            <li>
              <Connect(Link)
                className="ext"
                href="//github.com/ebi-pf-team/interproscan/wiki"
                target="_blank"
              >
                <span
                  className="icon icon-common"
                  data-icon=""
                />
                 
                InterProScan Wiki
              </Connect(Link)>
            </li>
            <li>
              <Connect(Link)
                className="ext"
                href="//www.ebi.ac.uk/data-protection/privacy-notice/embl-ebi-public-website"
                target="_blank"
              >
                Privacy and security
              </Connect(Link)>
            </li>
            <li>
              <Connect(Link)
                className="ext"
                href="//www.ebi.ac.uk/ebisearch/documentation.ebi"
                target="_blank"
              >
                Search documentation (EBI)
              </Connect(Link)>
            </li>
          </ul>
        </div>
        <div
          className="flex-box"
        >
          <Connect(Link)
            to={
              Object {
                "description": Object {
                  "other": Array [
                    "help",
                    "documentation",
                    "publication",
                  ],
                },
              }
            }
          >
            <span
              className="icon icon-common xl"
              data-icon=""
            />
             
            <h5>
              Publications
            </h5>
          </Connect(Link)>
        </div>
      </div>
    </div>
    <div
      className="columns large-4"
    >
      <div
        className="box-add margin-top-xxlarge"
      >
        <h3
          className="light"
        >
          Additional help
        </h3>
        <ul>
          <li>
            <Connect(Link)
              href="//www.ebi.ac.uk/support/interpro"
              target="_blank"
              withReferrer={true}
            >
              <span
                className="icon icon-common"
                data-icon="n"
              />
               
              Submit a ticket
            </Connect(Link)>
          </li>
        </ul>
      </div>
    </div>
  </div>
</section>
`;
