// Jest Snapshot v1, https://goo.gl/fbAQLP

exports[`<Consortium /> should render 1`] = `
<section>
  <div
    className="row"
  >
    <div
      className="columns large-8"
    >
      <div
        className="row"
      >
        <div
          className="columns large-12"
        >
          <h3>
            Documentation
          </h3>
        </div>
      </div>
      <div
        className="row"
      >
        <div
          className="flex-container"
        >
          <div
            className="flex-item icon-box"
          >
            <span
              className="icon icon-common xl"
              data-icon=""
            />
            <h5>
              Technical specs
            </h5>
            <ul>
              <li>
                API (upcoming)
              </li>
              <li>
                <Connect(Link)
                  className="ext"
                  href="/www.ebi.ac.uk/Tools/webservices/"
                  target="_blank"
                >
                  Web services
                </Connect(Link)>
              </li>
              <li>
                <Connect(Link)
                  to={
                    Object {
                      "description": Object {
                        "other": Array [
                          "release_notes",
                        ],
                      },
                    }
                  }
                >
                  Release notes
                </Connect(Link)>
              </li>
              <li>
                <Connect(Link)
                  className="ext"
                  href="//github.com/ebi-pf-team/interproscan/wiki"
                  target="_blank"
                >
                  <span
                    className="icon icon-common"
                    data-icon="🧮"
                  />
                   
                  InterProScan Wiki
                </Connect(Link)>
              </li>
              <li>
                <Connect(Link)
                  className="ext"
                  href="//www.ebi.ac.uk/data-protection/privacy-notice/embl-ebi-public-website"
                >
                  Privacy and security
                </Connect(Link)>
              </li>
            </ul>
          </div>
          <div
            className="flex-item icon-box box-publications"
          >
            <Connect(Link)
              to={
                Object {
                  "description": Object {
                    "other": Array [
                      "help",
                      "documentation/publications",
                    ],
                  },
                }
              }
            >
              <span
                className="icon icon-common xl"
                data-icon=""
              />
               
              <h5>
                Publications
              </h5>
            </Connect(Link)>
          </div>
        </div>
      </div>
    </div>
    <div
      className="columns large-4"
    >
      <div
        className="box-add"
      >
        <h3
          className="light margin-top-xxlarge"
        >
          Additional help
        </h3>
        <ul>
          <li>
            <Connect(Link)
              href="//www.ebi.ac.uk/support/interpro-general-query"
            >
              <span
                className="icon icon-common"
                data-icon="ǘ"
              />
               
              Submit a ticket
            </Connect(Link)>
          </li>
        </ul>
      </div>
    </div>
  </div>
</section>
`;
