// Jest Snapshot v1, https://goo.gl/fbAQLP

exports[`<Documentation /> should render 1`] = `
<section>
  <Memo(Loadable)
    data={
      Object {
        "description": "Includes links to the documentations for the different parts of our service",
        "name": "InterPro Documentation Page",
      }
    }
    processData={[Function]}
  />
  <div
    className="row"
  >
    <div
      className="columns large-8"
    >
      <div
        className="flex-container"
      >
        <div
          className="flex-box"
        >
          <InterProLogo />
           
          <h5>
            Interpro
          </h5>
          <li>
            <ul>
              <li>
                <Memo(Connect(Link))
                  className="ext"
                  href="//interpro-documentation.readthedocs.io/en/latest/"
                  target="_blank"
                >
                  Website documentation
                </Memo(Connect(Link))>
              </li>
            </ul>
          </li>
        </div>
        <div
          className="flex-box"
        >
          <span
            className="icon icon-common xl"
            data-icon=""
          />
           
          <h5>
            InterProScan
          </h5>
          <ul>
            <li>
              <Memo(Connect(Link))
                className="ext"
                href="https://interproscan-docs.readthedocs.io/"
                target="_blank"
              >
                InterProScan Documentation
              </Memo(Connect(Link))>
            </li>
            <li>
              <Memo(Connect(Link))
                className="ext"
                href="//www.ebi.ac.uk/seqdb/confluence/display/JDSAT/InterProScan+5+Help+and+Documentation"
                target="_blank"
              >
                Web services
              </Memo(Connect(Link))>
            </li>
          </ul>
        </div>
        <div
          className="flex-box"
        >
          <span
            className="icon icon-common xl"
            data-icon=""
          />
          <h5>
            Technical specs
          </h5>
          <ul>
            <li>
              <Memo(Connect(Link))
                className="ext"
                href="https://github.com/ProteinsWebTeam/interpro7-api/tree/master/docs"
                target="_blank"
              >
                <span
                  className="icon icon-common"
                  data-icon=""
                />
                 
                General API documentation
              </Memo(Connect(Link))>
            </li>
            <li>
              <Memo(Connect(Link))
                className="ext"
                href="//www.ebi.ac.uk/interpro/api/static_files/swagger/"
                target="_blank"
              >
                Swagger API documentation
              </Memo(Connect(Link))>
            </li>
            <li>
              <Memo(Connect(Link))
                to={
                  Object {
                    "description": Object {
                      "main": Object {
                        "key": "result",
                      },
                      "result": Object {
                        "type": "download",
                      },
                    },
                    "hash": "/entry/interpro",
                  }
                }
              >
                Code snippet generator
              </Memo(Connect(Link))>
            </li>
            <li>
              <Memo(Connect(Link))
                className="ext"
                href="//www.ebi.ac.uk/data-protection/privacy-notice/embl-ebi-public-website"
                target="_blank"
              >
                Privacy and security
              </Memo(Connect(Link))>
            </li>
            <li>
              <Memo(Connect(Link))
                className="ext"
                href="//www.ebi.ac.uk/ebisearch/documentation.ebi"
                target="_blank"
              >
                Search documentation (EBI)
              </Memo(Connect(Link))>
            </li>
          </ul>
        </div>
        <div
          className="flex-box"
        >
          <span
            className="icon icon-common xl"
            data-icon=""
          />
           
          <h5>
            Publications
          </h5>
          <ul>
            <li>
              <Memo(Connect(Link))
                className="ext"
                href="//interpro-documentation.readthedocs.io/en/latest/citing.html"
                target="_blank"
              >
                InterPro Publications
              </Memo(Connect(Link))>
            </li>
          </ul>
        </div>
      </div>
    </div>
    <div
      className="columns large-4"
    >
      <div
        className="box-add margin-top-xxlarge"
      >
        <h3
          className="light"
        >
          Contact us/Additional help
        </h3>
        <ul>
          <li>
            <Memo(Connect(Link))
              href="//www.ebi.ac.uk/support/interpro"
              target="_blank"
              withReferrer={true}
            >
              <span
                className="icon icon-common"
                data-icon="n"
              />
               
              Submit a ticket
            </Memo(Connect(Link))>
          </li>
        </ul>
      </div>
    </div>
  </div>
</section>
`;
