// Jest Snapshot v1, https://goo.gl/fbAQLP

exports[`<Tree /> should render 1`] = `
<React.Fragment>
  <div
    className="buttons"
  >
    <span
      className="fullscreen"
    >
      <FullScreenButton
        element="treeDiv"
        onExitFullScreenHook={[Function]}
        onFullScreenHook={[Function]}
        tooltip="View the taxonomy tree in full screen mode"
      />
    </span>
    <span>
      <Tooltip
        title="toggle fisheye view"
      >
        <button
          onClick={[Function]}
        >
          <img
            alt="toggle-fisheye"
            src={{}}
          />
        </button>
      </Tooltip>
    </span>
    <span>
      <Tooltip
        title="Recenter"
      >
        <button
          className="icon icon-common font-l"
          data-icon=""
          onClick={[Function]}
        />
      </Tooltip>
    </span>
  </div>
  <ResizeObserverComponent
    element="div"
    measurements={
      [
        "width",
      ]
    }
  >
    [Function]
  </ResizeObserverComponent>
</React.Fragment>
`;
