// Jest Snapshot v1, https://goo.gl/fbAQLP

exports[`<TextExplanation /> should render 1`] = `
<section>
  <h6>
    Explanation
  </h6>
  <p>
    This 
    Text (List of Accessions)
     file will contain
     
    <React.Fragment>
      <b>
        a list
      </b>
       of approximately
       
      <Memo(Connect(NumberComponent))
        abbr={true}
      >
        36713
      </Memo(Connect(NumberComponent))>
       
      <b>
        InterPro
      </b>
       
      <b>
        entries
      </b>
    </React.Fragment>
     
    
    .
  </p>
</section>
`;
