// Jest Snapshot v1, https://goo.gl/fbAQLP

exports[`<IPScanSearch /> should render 1`] = `
<section
  className="vf-stack vf-stack--400"
>
  <form
    className="search-form"
    onDrag={[Function]}
    onDragEnd={[Function]}
    onDragEnter={[Function]}
    onDragExit={[Function]}
    onDragLeave={[Function]}
    onDragOver={[Function]}
    onDragStart={[Function]}
    onDrop={[Function]}
    onSubmit={[Function]}
  >
    <div>
      <div
        className="simple-box ipscan-block"
      >
        <header>
          Search your sequence, in FASTA format
        </header>
        <Memo(Loadable)
          data={
            {
              "description": "Search for InterPro matches in your sequences",
              "name": "Search By Sequence",
            }
          }
          processData={[Function]}
        />
        <div
          className="vf-stack vf-stack--200"
        >
          <SequenceInput
            onChecksChange={[Function]}
            value=""
          />
        </div>
        <div>
          <label
            className="vf-button vf-button--secondary vf-button--sm user-select-none"
          >
            <span
              className="icon icon-common icon-folder-open"
            />
            Choose file
            <input
              hidden={true}
              onChange={[Function]}
              type="file"
            />
          </label>
          <ForwardRef
            className="user-select-none"
            onClick={[Function]}
            type="secondary"
          >
            Example protein sequence
          </ForwardRef>
          <ForwardRef
            backgroundColor="var(--colors-alert-main)"
            borderColor="var(--colors-alert-main)"
            className="hidden"
            onClick={[Function]}
          >
            Automatic FASTA clean up
          </ForwardRef>
        </div>
        <Memo(Connect(loadData(AdvancedOptions)))
          changeTitle={[Function]}
        />
        <footer>
          <div>
            <ForwardRef
              className="disabled"
              disabled={true}
              submit={true}
              value="Search"
            >
              Search
            </ForwardRef>
            <ForwardRef
              onClick={[Function]}
              type="secondary"
            >
              Clear
            </ForwardRef>
          </div>
          <div
            className="search-adv"
          >
            <span>
              Powered by InterProScan
            </span>
          </div>
        </footer>
      </div>
    </div>
    <div
      className="dragging-overlay"
    >
      Drop your file here
    </div>
  </form>
</section>
`;
