// Jest Snapshot v1, https://goo.gl/fbAQLP

exports[`<InfoBanner /> should render 1`] = `
<div
  className="new-card help-banner"
>
  <header>
    <div
      className="image"
    >
      <div
        className="card-tag tag-tool"
      >
        default
      </div>
    </div>
  </header>
  <section
    className="content"
  >
    <div
      className="description"
    />
  </section>
</div>
`;
