// Jest Snapshot v1, https://goo.gl/fbAQLP

exports[`<EntryListFilter /> should render 1`] = `
<Memo(Connect(FiltersPanel))>
  <Memo(Connect(loadData(EntryTypeFilter)))
    label="InterPro Type"
  />
  <Memo(Connect(loadData(GOTermsFilter)))
    label="GO Terms"
  />
  <Memo(Connect(loadData(LatestFilter)))
    label="New entries"
  />
</Memo(Connect(FiltersPanel))>
`;
