// Jest Snapshot v1, https://goo.gl/fbAQLP

exports[`<SearchByIDA /> should render 1`] = `
<div
  className="row"
>
  <div
    className="large-12 columns margin-bottom-medium"
  >
    <div
      className="secondary callout border margin-bottom-none"
    >
      <div
        className="row"
      >
        <div
          className="large-12 columns search-input"
        >
          <h3
            className="light"
          >
            Search for proteins with a specific domain architecture
          </h3>
          <p>
            Domain architectures are derived from matches to Pfam Entries. The results will show all proteins matching the criteria selected below. You can select entries which must be included or excluded from your search results. Entries can be selected by either entering a Pfam accession, or an InterPro accession if a Pfam entry is integrated with it.
          </p>
          <div
            className="ida-workspace"
          >
            <PanelIDA
              changeEntryHandler={[Function]}
              changeIgnoreHandler={[Function]}
              entryList={Array []}
              ignoreList={Array []}
              isOrdered={false}
              removeEntryHandler={[Function]}
              removeIgnoreHandler={[Function]}
            />
          </div>
          <div
            className="ida-controls"
          >
            <button
              className="button secondary"
              onClick={[Function]}
            >
              <DomainButton
                fill="#75bf40"
                label="➕"
                stroke="#75bf40"
              />
               
              <span>
                Add Domain to include
              </span>
            </button>
            <button
              className="button secondary"
              onClick={[Function]}
            >
              <DomainButton
                fill="#bf4540"
                label="✖️️"
                stroke="#bf4540"
              />
               
              <span>
                Add Domain to exclude
              </span>
            </button>
            <label
              htmlFor="ordered"
            >
              <input
                checked={false}
                id="ordered"
                onChange={[Function]}
                type="checkbox"
              />
               
              Order sensitivity
            </label>
          </div>
        </div>
      </div>
    </div>
  </div>
</div>
`;
