// Jest Snapshot v1, https://goo.gl/fbAQLP

exports[`<Actions /> should render 1`] = `
<nav
  className="buttons"
>
  <Tooltip
    title={
      <div>
        Delete this job
      </div>
    }
  >
    <ForwardRef
      aria-label="Delete Results"
      icon="icon-trash"
      onClick={[Function]}
      type="secondary"
    >
      <span>
        Delete Results
      </span>
    </ForwardRef>
  </Tooltip>
</nav>
`;
