// Jest Snapshot v1, https://goo.gl/fbAQLP

exports[`<Actions /> should render 1`] = `
<nav
  className="buttons"
>
  <ForwardRef
    aria-label="Delete"
    icon="icon-trash"
    onClick={[Function]}
    type="secondary"
  >
    <span>
      Delete
    </span>
  </ForwardRef>
  <Memo(Connect(ReRun))
    jobsData={[]}
    jobsPage={true}
  />
</nav>
`;
