// Jest Snapshot v1, https://goo.gl/fbAQLP

exports[`<SummaryTaxonomy /> should render 1`] = `
<div
  className="vf-stack vf-stack--400"
>
  <div
    className="vf-stack"
  >
    <table
      className="vf-table left-headers"
    >
      <tbody>
        <tr>
          <td
            style={
              {
                "maxWidth": "50%",
              }
            }
          >
            Tax ID
          </td>
          <td>
            <Accession
              accession="131567"
              title="Tax ID"
            />
          </td>
        </tr>
        <tr>
          <td>
            Rank
          </td>
          <td
            className="text-up"
          >
            no rank
          </td>
        </tr>
        <Memo(Loadable)
          data={
            {
              "name": "root",
              "taxId": "1",
            }
          }
          processData={[Function]}
        />
        <tr>
          <td>
            Lineage
          </td>
          <td
            className="ico-primary"
            data-testid="taxonomy-lineage"
          >
            <Lineage
              lineage=" 1 131567 "
              names={
                {
                  "1": {
                    "name": "root",
                    "short": "root",
                  },
                  "131567": {
                    "name": "cellular organisms",
                    "short": "cellular organisms",
                  },
                  "2": {
                    "name": "Bacteria",
                    "short": "Bacteria (eubacteria)",
                  },
                  "2157": {
                    "name": "Archaea",
                    "short": "Archaea",
                  },
                  "2759": {
                    "name": "Eukaryota",
                    "short": "Eukaryota (eucaryotes)",
                  },
                }
              }
            />
          </td>
        </tr>
        <tr>
          <td>
            Children
          </td>
          <td
            data-testid="taxonomy-children"
          >
            <Children
              names={
                {
                  "1": {
                    "name": "root",
                    "short": "root",
                  },
                  "131567": {
                    "name": "cellular organisms",
                    "short": "cellular organisms",
                  },
                  "2": {
                    "name": "Bacteria",
                    "short": "Bacteria (eubacteria)",
                  },
                  "2157": {
                    "name": "Archaea",
                    "short": "Archaea",
                  },
                  "2759": {
                    "name": "Eukaryota",
                    "short": "Eukaryota (eucaryotes)",
                  },
                }
              }
              taxChildren={
                [
                  "2",
                  "2157",
                  "2759",
                ]
              }
            />
          </td>
        </tr>
      </tbody>
    </table>
    <OptMemberDBSelector
      contentType="taxonomy"
      filterType="entry"
      hideCounters={true}
      isSelected={[Function]}
      onChange={[Function]}
    >
      [Function]
    </OptMemberDBSelector>
    <Memo(Connect(Tree))
      changeFocus={[Function]}
    />
  </div>
</div>
`;
