// Jest Snapshot v1, https://goo.gl/fbAQLP

exports[`<MenuItem /> should render 1`] = `
<Memo(Connect(Link))
  activeClass="active"
  className="menu-item"
  onClick={[Function]}
  to={
    {
      "description": {
        "other": [
          "help",
        ],
      },
    }
  }
>
  Help
</Memo(Connect(Link))>
`;
