// Jest Snapshot v1, https://goo.gl/fbAQLP

exports[`<Privacy /> should render 1`] = `
<section>
  <h3>
    Privacy
  </h3>
  <p>
    Our privacy policy complies with the changes brought by the European Union data protection law (GDPR). You can find more information on the
     
    <Memo(Connect(Link))
      className="ext"
      href="//www.ebi.ac.uk/data-protection/privacy-notice/embl-ebi-public-website"
      target="_blank"
    >
      Privacy Notice for EMBL-EBI Public Website
    </Memo(Connect(Link))>
    . If you have any questions about this privacy policy, please
     
    <Memo(Connect(Link))
      className="ext"
      href="//www.ebi.ac.uk/support/interpro"
      target="_blank"
      withReferrer={true}
    >
      contact us via EBI support
    </Memo(Connect(Link))>
    .
     
  </p>
</section>
`;
