// Jest Snapshot v1, https://goo.gl/fbAQLP

exports[`<Description /> should render 1`] = `
<div
  className="description"
  data-testid="description"
>
  <Paragraph
    literature={[]}
    p="a"
  />
  <hr
    style={
      {
        "border": "1px solid transparent",
      }
    }
  />
  <Paragraph
    literature={[]}
    p="b"
  />
  <hr
    style={
      {
        "border": "1px solid transparent",
      }
    }
  />
  <Paragraph
    literature={[]}
    p="c"
  />
</div>
`;
