// Jest Snapshot v1, https://goo.gl/fbAQLP

exports[`<Description /> should render 1`] = `
<div
  className="description"
  data-testid="description"
>
  <div
    className=""
  >
     
    <Paragraph
      literature={[]}
      p="a"
    />
  </div>
  <hr
    style={
      {
        "border": "1px solid transparent",
      }
    }
  />
  <div
    className=""
  >
     
    <Paragraph
      literature={[]}
      p="b"
    />
  </div>
  <hr
    style={
      {
        "border": "1px solid transparent",
      }
    }
  />
  <div
    className=""
  >
     
    <Paragraph
      literature={[]}
      p="c"
    />
  </div>
</div>
`;
