// Jest Snapshot v1, https://goo.gl/fbAQLP

exports[`<Tutorial /> should render 1`] = `
<section>
  <h3>
    Tutorials
  </h3>
  <p>
    A number of online tutorials relating to InterPro are available.
  </p>
  <div
    className="flex-column"
  >
    <div
      className="flex-card"
    >
      <div
        className="card-image image-tuto-method"
      >
        <div
          className="card-tag tag-tuto"
        >
          Tutorial
        </div>
      </div>
      <div
        className="card-content"
      >
        <div
          className="card-title"
        >
          <h4>
            <Memo(Connect(Link))
              href="//www.ebi.ac.uk/training/online/course/interpro-case-study-3-protein-family-building-methodologies"
              target="_blank"
            >
              InterPro: A case study of 3 protein family building methodologies
            </Memo(Connect(Link))>
          </h4>
        </div>
        <div
          className="card-info"
        >
          <div
            className="card-info-author"
          >
            <span
              className="icon icon-common"
              data-icon=""
            />
             
            Lorna Richardson, Shoshana Brown, Paul Thomas, David Haft
             
          </div>
          <div
            className="card-info-level"
          >
            <span
              className="icon icon-common"
              data-icon=""
            />
             
            Beginner
          </div>
          <div
            className="card-info-duration"
          >
            <span
              className="icon icon-common"
              data-icon=""
            />
             
            1 hour
          </div>
        </div>
        <div
          className="card-description"
        >
          This course provides an insight into the different protein family building methodologies employed by three InterPro member databases, namely SFLD (Structure Function Linkage Database), TIGRFAMs and PANTHER. It also describes an automated approach to comparing protein signatures and predicting hierarchical relationships between them.
        </div>
      </div>
      <div
        className="card-more"
      >
        <Memo(Connect(Link))
          href="//www.ebi.ac.uk/training/online/course/interpro-case-study-3-protein-family-building-methodologies"
          target="_blank"
        >
          <div
            className="button-more icon icon-common icon-right"
            data-icon=""
          >
            Start the course
          </div>
        </Memo(Connect(Link))>
      </div>
    </div>
    <div
      className="flex-card"
    >
      <div
        className="card-image image-tuto-what"
      >
        <div
          className="card-tag tag-tuto"
        >
          Tutorial
        </div>
      </div>
      <div
        className="card-content"
      >
        <div
          className="card-title"
        >
          <h4>
            <Memo(Connect(Link))
              href="//www.ebi.ac.uk/training/online/course/interpro-functional-and-structural-analysis-protei/what-interpro"
              target="_blank"
            >
              InterPro: functional and structural analysis of protein sequences
            </Memo(Connect(Link))>
          </h4>
        </div>
        <div
          className="card-info"
        >
          <div
            className="card-info-author"
          >
            <em
              className="icon icon-common"
              data-icon=""
            />
             
            Alex Mitchell
          </div>
          <div
            className="card-info-level"
          >
            <em
              className="icon icon-common"
              data-icon=""
            />
             
            Beginner
          </div>
          <div
            className="card-info-duration"
          >
            <em
              className="icon icon-common"
              data-icon=""
            />
             
            1 hour
          </div>
        </div>
        <div
          className="card-description"
        >
          This course will provide an in-depth guide to InterPro - how to access it, how to search the database and interpret the results.
        </div>
      </div>
      <div
        className="card-more"
      >
        <Memo(Connect(Link))
          href="//www.ebi.ac.uk/training/online/course/interpro-functional-and-structural-analysis-protei/what-interpro"
          target="_blank"
        >
          <div
            className="button-more icon icon-common icon-right"
            data-icon=""
          >
            Start the course
          </div>
        </Memo(Connect(Link))>
      </div>
    </div>
    <div
      className="flex-card"
    >
      <div
        className="card-image image-tuto-intro"
      >
        <div
          className="card-tag tag-tuto"
        >
          Tutorial
        </div>
      </div>
      <div
        className="card-content"
      >
        <div
          className="card-title"
        >
          <h4>
            <Memo(Connect(Link))
              href="//www.ebi.ac.uk/training/online/course/protein-classification-introduction-embl-ebi-resou"
              target="_blank"
            >
              Protein classification: An introduction to EMBL-EBI resources
            </Memo(Connect(Link))>
          </h4>
        </div>
        <div
          className="card-info"
        >
          <div
            className="card-info-author"
          >
            <em
              className="icon icon-common"
              data-icon=""
            />
             
            Amaia Sangrador
             
          </div>
          <div
            className="card-info-level"
          >
            <em
              className="icon icon-common"
              data-icon=""
            />
             
            Beginner
          </div>
          <div
            className="card-info-duration"
          >
            <em
              className="icon icon-common"
              data-icon=""
            />
             
            0.5 hour
          </div>
        </div>
        <div
          className="card-description"
        >
          This course provides background information on protein signature databases and their use in sequence analysis and protein classification.
        </div>
      </div>
      <div
        className="card-more"
      >
        <Memo(Connect(Link))
          href="//www.ebi.ac.uk/training/online/course/protein-classification-introduction-embl-ebi-resou"
          target="_blank"
        >
          <div
            className="button-more icon icon-common icon-right"
            data-icon=""
          >
            Start the course
          </div>
        </Memo(Connect(Link))>
      </div>
    </div>
    <div
      className="flex-card"
    >
      <div
        className="card-image image-tuto-tour"
      >
        <div
          className="card-tag tag-tuto"
        >
          Tutorial
        </div>
      </div>
      <div
        className="card-content"
      >
        <div
          className="card-title"
        >
          <h4>
            <Memo(Connect(Link))
              href="//www.ebi.ac.uk/training/online/course/interpro-quick-tour"
              target="_blank"
            >
              A Quick Tour of InterPro
            </Memo(Connect(Link))>
          </h4>
        </div>
        <div
          className="card-info"
        >
          <div
            className="card-info-author"
          >
            <em
              className="icon icon-common"
              data-icon=""
            />
             
            Alex Mitchell
             
          </div>
          <div
            className="card-info-level"
          >
            <em
              className="icon icon-common"
              data-icon=""
            />
             
            Beginner
          </div>
          <div
            className="card-info-duration"
          >
            <em
              className="icon icon-common"
              data-icon=""
            />
             
            0.5 hour
          </div>
        </div>
        <div
          className="card-description"
        >
          This course provides a brief overview of InterPro, including querying the database and visualising the results using the web interface.
        </div>
      </div>
      <div
        className="card-more"
      >
        <Memo(Connect(Link))
          href="//www.ebi.ac.uk/training/online/course/interpro-quick-tour"
          target="_blank"
        >
          <div
            className="button-more icon icon-common icon-right"
            data-icon=""
          >
            Start the course
          </div>
        </Memo(Connect(Link))>
      </div>
    </div>
    <div
      className="flex-card"
    >
      <div
        className="card-image image-tuto-g3d"
      >
        <div
          className="card-tag tag-tuto"
        >
          Tutorial
        </div>
      </div>
      <div
        className="card-content"
      >
        <div
          className="card-title"
        >
          <h4>
            <Memo(Connect(Link))
              href="//www.ebi.ac.uk/training/online/course/genome3d-annotations-interpro-webinar"
              target="_blank"
            >
              Genome 3D annotations in InterPro webinar
            </Memo(Connect(Link))>
          </h4>
        </div>
        <div
          className="card-info"
        >
          <div
            className="card-info-author"
          >
            <em
              className="icon icon-common"
              data-icon=""
            />
             
            Typhaine Paysan-Lafosse
             
          </div>
          <div
            className="card-info-level"
          >
            <em
              className="icon icon-common"
              data-icon=""
            />
             
            Beginner
          </div>
          <div
            className="card-info-duration"
          >
            <em
              className="icon icon-common"
              data-icon=""
            />
             
            0.5 hour
          </div>
        </div>
        <div
          className="card-description"
        >
          This course presents the new InterPro entry type, Homologous superfamily, as well as describing domain and structure predictions from Genome3D annotations, and how they are integrated in InterPro.
        </div>
      </div>
      <div
        className="card-more"
      >
        <Memo(Connect(Link))
          href="//www.ebi.ac.uk/training/online/course/genome3d-annotations-interpro-webinar"
          target="_blank"
        >
          <div
            className="button-more icon icon-common icon-right"
            data-icon=""
          >
            Start the course
          </div>
        </Memo(Connect(Link))>
      </div>
    </div>
  </div>
  <h3
    className="margin-top-large"
  >
    Training
  </h3>
  <p>
    InterPro hands-on practical sessions feature regularly as part of the EBI training courses and workshops.
     
    <Memo(Connect(Link))
      className="ext"
      href="//www.ebi.ac.uk/training"
      target="_blank"
    >
      Find out more
    </Memo(Connect(Link))>
     
    about when and where these training courses will run, as well as how to apply to host them.
  </p>
  <div
    className="box-add"
  >
    <h3
      className="margin-top-large"
    >
      Additional Help
    </h3>
    <ul
      style={
        Object {
          "listStyleType": "none",
          "margin": 0,
        }
      }
    >
      <li>
        <Memo(Connect(Link))
          href="//www.ebi.ac.uk/support/interpro"
          target="_blank"
          withReferrer={true}
        >
          <span
            className="icon icon-common"
            data-icon="n"
          />
           
          Submit a ticket
        </Memo(Connect(Link))>
      </li>
    </ul>
  </div>
</section>
`;
