// Jest Snapshot v1, https://goo.gl/fbAQLP

exports[`<EntriesOnStructure /> should render 1`] = `
<React.Fragment>
  <div
    className="vf-stack vf-stack--400"
  >
    <div
      className="vf-stack"
    >
      <h4
        id="protvista-A-p00735"
      >
        Chain 
        A
         
        <small>
          (
          <Memo(Connect(Link))
            to={
              {
                "description": {
                  "main": {
                    "key": "protein",
                  },
                  "protein": {
                    "accession": "p00735",
                    "db": "uniprot",
                  },
                },
              }
            }
          >
            <span
              className="icon icon-conceptual"
              data-icon="P"
            />
             
            P00735
          </Memo(Connect(Link))>
          )
        </small>
      </h4>
      <ProteinViewerLoaded
        chain="A"
        id="A-p00735"
        protein={
          {
            "accession": "A-undefined",
            "length": undefined,
            "sequence": undefined,
          }
        }
        tracks={
          [
            [
              "secondary structure",
              [],
            ],
            [
              "homologous superfamily",
              [],
            ],
          ]
        }
        viewerType="structures"
      />
    </div>
  </div>
</React.Fragment>
`;
