// Jest Snapshot v1, https://goo.gl/fbAQLP

exports[`<EntriesOnStructure /> should render 1`] = `
<React.Fragment>
  <div
    className="row"
  >
    <div
      className="columns"
    >
      <h4
        id="protvista-A-p00735"
      >
        Chain 
        A
         
        <small>
          (
          <Memo(Connect(Link))
            to={
              {
                "description": {
                  "main": {
                    "key": "protein",
                  },
                  "protein": {
                    "accession": "p00735",
                    "db": "uniprot",
                  },
                },
              }
            }
          >
            <span
              className="icon icon-conceptual"
              data-icon="P"
            />
             
            P00735
          </Memo(Connect(Link))>
          )
        </small>
      </h4>
      <ProteinViewerLoaded
        chain="A"
        id="A-p00735"
        protein={
          {
            "accession": "A-undefined",
            "length": undefined,
            "sequence": undefined,
          }
        }
        tracks={
          [
            [
              "Secondary Structure",
              [],
            ],
            [
              "Entries",
              [
                {
                  "accession": "IPR038178",
                  "chain": "A",
                  "children": undefined,
                  "coordinates": [
                    [
                      [
                        44,
                        199,
                      ],
                    ],
                  ],
                  "link": "/entry/interpro/IPR038178",
                  "locations": [
                    {
                      "fragments": [
                        {
                          "dc-status": "CONTINUOUS",
                          "end": 199,
                          "start": 44,
                        },
                      ],
                    },
                  ],
                  "name": "Kringle superfamily",
                  "protein": "p00735",
                  "short_name": undefined,
                  "source_database": "interpro",
                  "type": "homologous_superfamily",
                },
              ],
            ],
          ]
        }
      />
    </div>
  </div>
</React.Fragment>
`;
