// Jest Snapshot v1, https://goo.gl/fbAQLP

exports[`<SideMenu /> should be hidden 1`] = `
<aside
  aria-hidden={true}
  className="container"
  inert=""
/>
`;

exports[`<SideMenu /> should render 1`] = `
<aside
  aria-hidden={false}
  className="container visible"
>
  <div
    role="menu"
  >
    <Memo(Connect(Tip))
      body="The green and red signals of the connection status shows the connectivity strength of the URLs"
      settingsName="showConnectionStatusToast"
      title="💡 How strong are the connections?"
      toastID="connectivity"
    />
    <button
      aria-hidden="true"
      className="exit"
      onClick={[Function]}
      title="Close side menu"
    >
      ×
    </button>
    <nav>
      <ul>
        <InterProMenu
          className="secondary is-drilldown"
        >
          <span
            className="menu-label cursor-default"
          >
            InterPro menu
          </span>
        </InterProMenu>
        <EBIMenu
          className="tertiary"
        >
          <span
            className="menu-label cursor-default"
          >
            EBI menu
          </span>
        </EBIMenu>
        <span />
        <li>
          <span
            className="menu-label cursor-default tertiary"
          >
            Connection status
          </span>
          <Memo(Connect(_ServerStatuses)) />
        </li>
      </ul>
    </nav>
  </div>
</aside>
`;
