// Jest Snapshot v1, https://goo.gl/fbAQLP

exports[`<FiltersPanel /> should render 1`] = `
<div
  className="filters-panel"
>
  <header>
    Filter By
  </header>
  <UnconnectedErrorBoundary
    customLocation={
      Object {
        "description": Object {
          "entry": Object {
            "db": "InterPro",
          },
          "main": Object {
            "key": "entry",
          },
        },
        "hash": "table",
        "search": Object {},
      }
    }
  >
    <FilterPanel
      collapsed={false}
      label="InterPro Type"
      toggle={[Function]}
    >
      <FilterPanel
        label="InterPro Type"
      />
    </FilterPanel>
  </UnconnectedErrorBoundary>
</div>
`;
