// Jest Snapshot v1, https://goo.gl/fbAQLP

exports[`<DownloadTable /> should render 1`] = `
<table
  className="vf-table"
>
  <thead>
    <tr>
      <th>
        Resource
      </th>
      <th>
        Version
      </th>
      <th>
        Download
      </th>
    </tr>
  </thead>
  <tbody>
    <tr>
      <td>
        InterProScan (64-bit Linux)
      </td>
      <td>
        5.35-74.0
      </td>
      <td>
        <Memo(Connect(Link))
          href="https://ftp.ebi.ac.uk/pub/software/unix/iprscan/5/5.35-74.0/interproscan-5.35-74.0-64-bit.tar.gz"
        >
          tar
        </Memo(Connect(Link))>
        ,
         
        <Memo(Connect(Link))
          href="https://ftp.ebi.ac.uk/pub/software/unix/iprscan/5/5.35-74.0/interproscan-5.35-74.0-64-bit.tar.gz.md5"
        >
          md5
        </Memo(Connect(Link))>
      </td>
    </tr>
  </tbody>
</table>
`;
