// Jest Snapshot v1, https://goo.gl/fbAQLP

exports[`<ProteinListFilters /> should render 1`] = `
<Memo(Connect(FiltersPanel))>
  <Memo(Connect(loadData(CurationFilter)))
    label="UniProt Curation"
  />
  <Memo(Connect(loadData(TaxonomyFilter)))
    label="Taxonomy"
  />
  <Memo(Connect(loadData(FragmentFilter)))
    label="Fragment"
  />
</Memo(Connect(FiltersPanel))>
`;
