// Jest Snapshot v1, https://goo.gl/fbAQLP

exports[`<StructureOnProtein /> should render 1`] = `
<section>
  <table
    className="matches-in-table"
  >
    <tbody>
      <tr>
        <td>
          A
        </td>
        <td>
          <div
            className="track-in-table"
          >
            <div
              className="track-container"
            >
              <div
                className="aligned-to-track-component"
              >
                <Yi
                  display-end={625}
                  display-start={1}
                  height={30}
                  length={625}
                  sequence="                                                                                                                                                                                                                                                                                                                                                                                                                                                                                                                                                                                                                                                 "
                  use-ctrl-to-zoom={true}
                />
              </div>
            </div>
            <div
              className="track-component"
            >
              <TooltipForTrack
                message={
                  <EntryPopup
                    accession="1a0h"
                    dbName="pdb"
                    locations={[]}
                    name="THE X-RAY CRYSTAL STRUCTURE OF PPACK-MEIZOTHROMBIN DESF1: KRINGLE/THROMBIN AND CARBOHYDRATE/KRINGLE/THROMBIN INTERACTIONS AND LOCATION OF THE LINKER CHAIN"
                  />
                }
                onMouseOverFeature={[Function]}
              >
                <Memo(Kr)
                  data={[]}
                  display-end={625}
                  display-start={1}
                  expanded={true}
                  id="track_1a0h_A"
                  length={625}
                  margin-color="#fafafa"
                  shape="rectangle"
                  use-ctrl-to-zoom={true}
                />
              </TooltipForTrack>
            </div>
          </div>
        </td>
      </tr>
    </tbody>
  </table>
</section>
`;
