// Jest Snapshot v1, https://goo.gl/fbAQLP

exports[`<EBIFooter /> should render 1`] = `
<div
  className="global-footer"
  id="global-footer"
>
  <nav
    className="global-nav-expanded row"
    id="global-nav-expanded"
  >
    <div
      className="columns small-12"
    >
      <h4
        className="inline-block"
      >
        <Memo(Connect(Link))
          href="//www.ebi.ac.uk"
          title="EMBL-EBI"
        >
          EMBL-EBI
        </Memo(Connect(Link))>
      </h4>
      <span
        className="small inline-block padding-left-large"
      >
        <Memo(Connect(Link))
          className="readmore"
          href="//intranet.ebi.ac.uk"
        >
          <span
            className="icon icon-functional"
            data-icon="L"
          />
           
          Intranet for staff
        </Memo(Connect(Link))>
      </span>
    </div>
    <div
      className="medium-up-5 small-up-2"
    >
      <div
        className="column"
      >
        <h5
          className="research"
        >
          <Memo(Connect(Link))
            href="//www.ebi.ac.uk/services"
          >
            Services
          </Memo(Connect(Link))>
        </h5>
        <ul>
          <li
            className="first"
          >
            <Memo(Connect(Link))
              href="//www.ebi.ac.uk/services"
            >
              By topic
            </Memo(Connect(Link))>
          </li>
          <li>
            <Memo(Connect(Link))
              href="//www.ebi.ac.uk/services/all"
            >
              By name (A-Z)
            </Memo(Connect(Link))>
          </li>
          <li
            className="last"
          >
            <Memo(Connect(Link))
              href="//www.ebi.ac.uk/support"
            >
              Help & Support
            </Memo(Connect(Link))>
          </li>
        </ul>
      </div>
      <div
        className="column"
      >
        <h5
          className="research"
        >
          <a
            href="//www.ebi.ac.uk/research"
          >
            Research
          </a>
        </h5>
        <ul>
          <li>
            <Memo(Connect(Link))
              href="//www.ebi.ac.uk/research/publications"
            >
              Publications
            </Memo(Connect(Link))>
          </li>
          <li>
            <Memo(Connect(Link))
              href="//www.ebi.ac.uk/research/groups"
            >
              Research groups
            </Memo(Connect(Link))>
          </li>
          <li
            className="last"
          >
            <Memo(Connect(Link))
              href="//www.ebi.ac.uk/research/postdocs"
            >
              Postdocs
            </Memo(Connect(Link))>
             
            & 
            <Memo(Connect(Link))
              href="//www.ebi.ac.uk/research/eipp"
            >
              PhDs
            </Memo(Connect(Link))>
          </li>
        </ul>
      </div>
      <div
        className="column"
      >
        <h5
          className="training"
        >
          <Memo(Connect(Link))
            href="//www.ebi.ac.uk/training"
          >
            Training
          </Memo(Connect(Link))>
        </h5>
        <ul>
          <li>
            <Memo(Connect(Link))
              href="//www.ebi.ac.uk/training/handson"
            >
              Train at EBI
            </Memo(Connect(Link))>
          </li>
          <li>
            <Memo(Connect(Link))
              href="//www.ebi.ac.uk/training/roadshow"
            >
              Train outside EBI
            </Memo(Connect(Link))>
          </li>
          <li>
            <Memo(Connect(Link))
              href="//www.ebi.ac.uk/training/online"
            >
              Train online
            </Memo(Connect(Link))>
          </li>
          <li
            className="last"
          >
            <Memo(Connect(Link))
              href="//www.ebi.ac.uk/training/contact-us"
            >
              Contact organisers
            </Memo(Connect(Link))>
          </li>
        </ul>
      </div>
      <div
        className="column"
      >
        <h5
          className="industry"
        >
          <Memo(Connect(Link))
            href="//www.ebi.ac.uk/industry"
          >
            Industry
          </Memo(Connect(Link))>
        </h5>
        <ul>
          <li>
            <Memo(Connect(Link))
              href="//www.ebi.ac.uk/industry/private"
            >
              Members Area
            </Memo(Connect(Link))>
          </li>
          <li>
            <Memo(Connect(Link))
              href="//www.ebi.ac.uk/industry/workshops"
            >
              Workshops
            </Memo(Connect(Link))>
          </li>
          <li>
            <Memo(Connect(Link))
              href="//www.ebi.ac.uk/industry/sme-forum"
            >
              SME Forum
            </Memo(Connect(Link))>
          </li>
          <li
            className="last"
          >
            <Memo(Connect(Link))
              href="//www.ebi.ac.uk/industry/contact"
            >
              Contact Industry programme
            </Memo(Connect(Link))>
          </li>
        </ul>
      </div>
      <div
        className="column"
      >
        <h5
          className="about"
        >
          <Memo(Connect(Link))
            href="//www.ebi.ac.uk/about"
          >
            About
          </Memo(Connect(Link))>
        </h5>
        <ul>
          <li>
            <Memo(Connect(Link))
              href="//www.ebi.ac.uk/about/contact"
            >
              Contact us
            </Memo(Connect(Link))>
          </li>
          <li>
            <Memo(Connect(Link))
              href="//www.ebi.ac.uk/about/events"
            >
              Events
            </Memo(Connect(Link))>
          </li>
          <li>
            <Memo(Connect(Link))
              href="//www.ebi.ac.uk/about/jobs"
              title="Jobs, postdocs, PhDs..."
            >
              Jobs
            </Memo(Connect(Link))>
          </li>
          <li
            className="first"
          >
            <Memo(Connect(Link))
              href="//www.ebi.ac.uk/about/news"
            >
              News
            </Memo(Connect(Link))>
          </li>
          <li>
            <Memo(Connect(Link))
              href="//www.ebi.ac.uk/about/people"
            >
              People & groups
            </Memo(Connect(Link))>
          </li>
        </ul>
      </div>
    </div>
  </nav>
  <section
    className="ebi-footer-meta row"
    id="ebi-footer-meta"
  >
    <div
      className="columns"
    >
      <p
        className="address"
      >
        EMBL-EBI, Wellcome Genome Campus, Hinxton, Cambridgeshire, CB10 1SD, UK. +44 (0)1223 49 44 44
      </p>
      <p
        className="legal"
      >
        Copyright © EMBL-EBI 
        2021
         | EMBL-EBI is 
        <Memo(Connect(Link))
          href="//www.embl.org/"
          rel="noopener"
        >
          part of the European Molecular Biology Laboratory
        </Memo(Connect(Link))>
         
        |
         
        <Memo(Connect(Link))
          href="//www.ebi.ac.uk/about/terms-of-use"
        >
          Terms of use
        </Memo(Connect(Link))>
      </p>
    </div>
  </section>
</div>
`;
