// Jest Snapshot v1, https://goo.gl/fbAQLP

exports[`<IPScanStatus /> should render 1`] = `
<div
  className="vf-stack"
>
  <h3
    className="light"
  >
    Your InterProScan Search Results
     
    <TooltipAndRTDLink
      rtdPage="searchways.html#sequence-search-results"
    />
  </h3>
  <p
    className="info"
  >
    Your InterProScan search results are displayed below. You may navigate to other pages while searches are running; you will be notified when they complete. Results remain available for 7 days.
  </p>
  <p
    className="info"
  >
    You can also import results from an InterProScan run (JSON format) to visualise hits in the sequence context.
  </p>
  <Memo(Loadable)
    data={
      {
        "description": "The status of all the requested InterProScan searches",
        "name": "Your InterProScan searches",
      }
    }
    processData={[Function]}
  />
  <div
    className="button-bar"
  >
    <div
      className="button-group"
    >
      <GoToNewSearch />
    </div>
    <Memo(Connect(ImportResultSearch)) />
  </div>
  <Table
    actualSize={0}
    contentType="result"
    dataTable={[]}
    query={{}}
    rowKey="localID"
    showTableIcon={false}
  >
    <Column
      dataKey="localTitle"
      isSearchable={true}
      isSortable={true}
      renderer={[Function]}
    >
      Job ID
    </Column>
    <Column
      dataKey="entries"
      isSearchable={true}
      isSortable={true}
    >
      Sequences
    </Column>
    <Column
      dataKey="times"
      isSearchable={true}
      isSortable={true}
      renderer={[Function]}
    >
      Created
    </Column>
    <Column
      cellClassName="table-center"
      dataKey="status"
      headerClassName="table-header-center"
      renderer={[Function]}
    >
      Status
    </Column>
    <Column
      cellClassName="table-center font-ml"
      dataKey="localID"
      defaultKey="actions"
      headerClassName="table-header-center"
      renderer={[Function]}
    >
      Actions
    </Column>
  </Table>
</div>
`;
