// Jest Snapshot v1, https://goo.gl/fbAQLP

exports[`<IPScanStatus /> should render 1`] = `
<div
  className="row columns"
>
  <h3
    className="light"
  >
    Your InterProScan Search Results
     
    <TooltipAndRTDLink
      rtdPage="searchways.html#sequence-search-results"
    />
  </h3>
  <p
    className="info"
  >
    Your InterProScan search results are shown below. Searches may take varying times to complete. You can navigate to other pages and once the search is finished, you will receive a notification. The results will be available for 7 days.
  </p>
  <p
    className="info"
  >
    Alternatively, you can import the results of an InterProScan run (in JSON format) into this page in order to view your search results interactively.
  </p>
  <Memo(Loadable)
    data={
      {
        "description": "The status of all the requested InterProScan searches",
        "name": "Your InterProScan searches",
      }
    }
    processData={[Function]}
  />
  <div
    className="button-bar"
  >
    <div
      className="button-group"
    >
      <GoToNewSearch />
      <Memo(Connect(RefreshButton)) />
    </div>
    <Memo(Connect(ImportResultSearch)) />
  </div>
  <Table
    actualSize={0}
    contentType="result"
    dataTable={[]}
    groupActions={[Function]}
    query={{}}
    rowKey="localID"
    shouldGroup={true}
    showTableIcon={false}
  >
    <ExtraOptions>
      <DropDownButton
        icon=""
        label="Clear All"
      >
        <button
          onClick={[Function]}
        >
          Loaded from File
        </button>
        <hr />
        <button
          onClick={[Function]}
        >
          Loaded from Servers
        </button>
      </DropDownButton>
    </ExtraOptions>
    <Column
      dataKey="localTitle"
      isSearchable={true}
      renderer={[Function]}
    >
      Results
    </Column>
    <Column
      dataKey="times"
      isSearchable={true}
      renderer={[Function]}
    >
      Created
    </Column>
    <Column
      cellClassName="table-center"
      dataKey="status"
      headerClassName="table-center"
      renderer={[Function]}
    >
      Status
    </Column>
    <Column
      cellClassName="table-center font-ml"
      dataKey="localID"
      defaultKey="actions"
      headerClassName="table-center"
      renderer={[Function]}
    >
      Action
    </Column>
  </Table>
  <Memo(Connect(ClearAllDialog))
    closeModal={[Function]}
    from={null}
    jobs={null}
    show={false}
  />
</div>
`;
