// Jest Snapshot v1, https://goo.gl/fbAQLP

exports[`<Citation /> should render 1`] = `
<section>
  <h3>
    Recent Publications
  </h3>
  <Memo(Loadable)
    data={
      Object {
        "description": "Includes the most revelant scientific publications about Interpro",
        "name": "InterPro Publications Page",
      }
    }
    processData={[Function]}
  />
  <div
    className="flex-column"
  >
    <InterPro2019 />
    <InterProScan2014 />
  </div>
  <div
    className="row"
  >
    <h3
      className="margin-top-large"
    >
      How to cite
    </h3>
    <p>
      To cite InterPro, please refer to the following publication:
    </p>
    <PrintedInterPro2019 />
    <p>
      To cite InterProScan, please refer to the following publication:
    </p>
    <PrintedInterProScan2014 />
  </div>
</section>
`;
