// Jest Snapshot v1, https://goo.gl/fbAQLP

exports[`<SearchResults /> should render 1`] = `
<Memo(Connect(UnconnectedErrorBoundary))>
  <Memo(Loadable)
    data={
      Object {
        "description": "Text matches found in InterPro database",
        "name": "Search Results",
      }
    }
    processData={[Function]}
  />
  <Memo(Connect(loadData(Connect(loadData(ExactMatch)))))
    searchValue="IPR020422"
  />
  <Table
    contentType="entry"
    dataTable={
      Array [
        Object {
          "fields": Object {
            "description": Array [
              "Description",
            ],
            "name": Array [
              "Dual specificity protein phosphatase domain",
            ],
            "source_database": Array [],
          },
          "id": "IPR020422",
          "source": "interpro",
        },
      ]
    }
    isStale={false}
    loading={false}
    query={Object {}}
  >
    <Memo(Connect(Exporter))>
      <div
        className="menu-grid"
      >
        <label
          htmlFor="json"
        >
          JSON
        </label>
        <Memo(Connect(Link))
          className="button hollow imitate-progress-button"
          disabled={true}
          download="SearchResults-IPR020422.json"
          name="json"
          target="_blank"
        >
          <span
            className="icon icon-common icon-link"
            data-icon=""
          />
           
          <span
            className="file-label"
          >
            Download
          </span>
        </Memo(Connect(Link))>
      </div>
    </Memo(Connect(Exporter))>
    <Column
      dataKey="id"
      renderer={[Function]}
    >
      Accession
    </Column>
    <Column
      dataKey="id"
      defaultKey="name"
      headerStyle={
        Object {
          "width": "28%",
        }
      }
      renderer={[Function]}
    >
      Name
    </Column>
    <Column
      dataKey="fields.source_database"
    >
      Source database
    </Column>
    <Column
      cellStyle={
        Object {
          "textAlign": "justify",
        }
      }
      dataKey="fields.description"
      renderer={[Function]}
    >
      Description
    </Column>
    <Memo(Connect(PageSizeSelector)) />
  </Table>
</Memo(Connect(UnconnectedErrorBoundary))>
`;
