// Jest Snapshot v1, https://goo.gl/fbAQLP

exports[`<EBIHeader /> should render 1`] = `
<header
  className="ebi-header-footer masthead-black-bar tmp-ebi-header vf-content vf-u-fullbleed"
  id="masthead-black-bar"
>
  <nav>
    <ul
      className="menu global-nav text-right"
      id="global-nav"
    >
      <li
        className="ebi"
      >
        <Memo(Connect(Link))
          href="//www.ebi.ac.uk"
        >
          EMBL-EBI
        </Memo(Connect(Link))>
      </li>
      <li
        className="services"
      >
        <Memo(Connect(Link))
          href="//www.ebi.ac.uk/services"
        >
          Services
        </Memo(Connect(Link))>
      </li>
      <li
        className="research"
      >
        <Memo(Connect(Link))
          href="//www.ebi.ac.uk/research"
        >
          Research
        </Memo(Connect(Link))>
      </li>
      <li
        className="training"
      >
        <Memo(Connect(Link))
          href="//www.ebi.ac.uk/training"
        >
          Training
        </Memo(Connect(Link))>
      </li>
      <li
        className="about"
      >
        <Memo(Connect(Link))
          href="//www.ebi.ac.uk/about"
        >
          About us
        </Memo(Connect(Link))>
      </li>
      <li
        className="float-right show-for-medium embl-selector embl-ebi"
      >
        <Memo(Connect(Link))
          className="button float-right"
          href="//www.ebi.ac.uk/"
        >
           
        </Memo(Connect(Link))>
      </li>
    </ul>
  </nav>
</header>
`;
