// Jest Snapshot v1, https://goo.gl/fbAQLP

exports[`<EBIHeader /> should render 1`] = `
<div
  className="clearfix masthead-black-bar"
  id="masthead-black-bar"
>
  <nav
    className="row"
  >
    <ul
      className="menu"
      id="global-nav"
    >
      <li
        className="home-mobile"
      >
        <Connect(Link)
          href="https://www.ebi.ac.uk"
        >
          EMBL-EBI Home page
        </Connect(Link)>
      </li>
      <li
        className="home"
      >
        <Connect(Link)
          href="https://www.ebi.ac.uk"
        >
          EMBL-EBI
        </Connect(Link)>
      </li>
      <li
        className="services active"
      >
        <Connect(Link)
          href="https://www.ebi.ac.uk/services"
        >
          Services
        </Connect(Link)>
      </li>
      <li
        className="research"
      >
        <Connect(Link)
          href="https://www.ebi.ac.uk/research"
        >
          Research
        </Connect(Link)>
      </li>
      <li
        className="training"
      >
        <Connect(Link)
          href="https://www.ebi.ac.uk/training"
        >
          Training
        </Connect(Link)>
      </li>
      <li
        className="about"
      >
        <Connect(Link)
          href="https://www.ebi.ac.uk/about"
        >
          About us
        </Connect(Link)>
      </li>
      <li
        className="float-right show-for-medium embl-selector"
        style={
          Object {
            "flexGrow": 1,
          }
        }
      >
        <Connect(_EmblButton) />
      </li>
    </ul>
  </nav>
</div>
`;
