// Jest Snapshot v1, https://goo.gl/fbAQLP

exports[`<NotFound /> should render 1`] = `
<section
  className="error-msg"
>
  <div
    className="row"
  >
    <div
      className="small-12 columns small-centered"
    >
      <h5>
        404: Page Not Found
      </h5>
      <h1
        className="oversized"
      >
        No search results found
      </h1>
      <h5
        className="lead"
      >
        We are sorry, no data associated with your request could be found in InterPro.
      </h5>
      <br />
      <p>
        Double check the URL or go back to the 
        <Memo(Connect(Link))
          to={
            Object {
              "description": Object {},
            }
          }
        >
          homepage
        </Memo(Connect(Link))>
        . If you continue to get this page, contact us using the 
        <Memo(Connect(Link))
          href="http://www.ebi.ac.uk/support/interpro"
          target="_blank"
          withReferrer={true}
        >
          EMBL-EBI feedback form
        </Memo(Connect(Link))>
      </p>
      <br />
      <h3>
        Or try one of these:
      </h3>
      <ul>
        <li>
          <Memo(Connect(Link))
            to={
              Object {
                "description": Object {
                  "other": Array [
                    "release_notes",
                  ],
                },
              }
            }
          >
            What’s new in InterPro?
          </Memo(Connect(Link))>
        </li>
        <li>
          <Memo(Connect(Link))
            to={
              Object {
                "description": Object {
                  "other": Array [
                    "help",
                    "tutorial",
                  ],
                },
              }
            }
          >
            InterPro tutorials & training material
          </Memo(Connect(Link))>
        </li>
        <li>
          <Memo(Connect(Link))
            to={
              Object {
                "description": Object {
                  "other": Array [
                    "help",
                    "faqs",
                  ],
                },
              }
            }
          >
            InterPro FAQs
          </Memo(Connect(Link))>
        </li>
        <li>
          <Memo(Connect(Link))
            to={
              Object {
                "description": Object {
                  "other": Array [
                    "help",
                    "documentation",
                  ],
                },
              }
            }
          >
            InterPro Documentation
          </Memo(Connect(Link))>
        </li>
      </ul>
    </div>
  </div>
</section>
`;
