// Jest Snapshot v1, https://goo.gl/fbAQLP

exports[`<ElixirFooter /> should render 1`] = `
<div
  className="vf-u-fullbleed"
>
  <div
    className="vf-footer__inner"
  >
    <div
      className="vf-grid vf-grid__col-2"
    >
      <div
        className="vf-banner"
      >
        <div
          className="vf-flag vf-flag--middle vf-flag--400"
        >
          <div
            className="vf-flag__media"
          >
            <LazyImage
              alt="Elixir logo"
              className="logo"
              src="//ebi.emblstatic.net/web_guidelines/EBI-Framework/v1.4/images/logos/ELIXIR/elixir-cdr.gif"
            />
          </div>
          <div
            className="vf-flag__body"
          >
            <h4
              className="vf-banner__text--lg"
            >
              <Memo(Connect(Link))
                className="vf-link"
                href="//www.elixir-europe.org/"
              >
                InterPro is part of the ELIXIR infrastructure
              </Memo(Connect(Link))>
            </h4>
            <p
              className="vf-banner__text"
            >
              InterPro is an ELIXIR Core Data Resource.
               
              <Memo(Connect(Link))
                className="readmore vf-link"
                href="//www.elixir-europe.org/platforms/data/core-data-resources"
              >
                Learn more ›
              </Memo(Connect(Link))>
            </p>
          </div>
        </div>
      </div>
      <div
        className="vf-banner"
      >
        <div
          className="vf-flag vf-flag--middle vf-flag--400"
        >
          <div
            className="vf-flag__body"
          >
            <h4
              className="vf-banner__text--lg"
            >
              <Memo(Connect(Link))
                className="vf-link"
                href="//globalbiodata.org/"
              >
                InterPro is part of the Global Biodata Coalition
              </Memo(Connect(Link))>
            </h4>
            <p
              className="vf-banner__text"
            >
              InterPro is a Global Core Biodata Resource.
               
              <Memo(Connect(Link))
                className="readmore vf-link"
                href="//globalbiodata.org/what-we-do/global-core-biodata-resources/"
              >
                Learn more ›
              </Memo(Connect(Link))>
            </p>
          </div>
          <div
            className="vf-flag__media"
          >
            <img
              alt="Glogal biodata coalition logo"
              className="logo"
              src={{}}
            />
          </div>
        </div>
      </div>
    </div>
  </div>
</div>
`;
