// Jest Snapshot v1, https://goo.gl/fbAQLP

exports[`<ElixirFooter /> should render 1`] = `
<div
  className="row columns"
>
  <div
    className="ribbon"
  >
    <div>
      <Memo(Connect(Link))
        href="https://www.elixir-europe.org/about-us/who-we-are/nodes/embl-ebi"
        target="_blank"
      >
        <div
          className="stakeholder"
        >
          <LazyImage
            alt="Elixir logo"
            className="logo"
            src="//ebi.emblstatic.net/web_guidelines/EBI-Framework/v1.4/images/logos/ELIXIR/elixir-cdr.gif"
          />
          <div
            className="text"
          >
            <span
              className="title"
            >
              This service is part of the ELIXIR infrastructure
            </span>
            <br />
            <small>
              <span
                className="elixir-banner-description"
              >
                InterPro is an ELIXIR Core Data Resource
              </span>
            </small>
          </div>
        </div>
      </Memo(Connect(Link))>
    </div>
    <div>
      <Memo(Connect(Link))
        href="https://globalbiodata.org/scientific-activities/global-core-biodata-resources/"
        target="_blank"
      >
        <div
          className="stakeholder right"
        >
          <LazyImage
            alt="Glogal biodata coalition logo"
            className="logo"
            src={{}}
          />
          <div
            className="text"
          >
            <span
              className="title"
            >
              This service is part of the GBC
            </span>
            <br />
            <small>
              <span
                className="elixir-banner-description"
              >
                InterPro is a Global Core Biodata Resource
              </span>
            </small>
          </div>
        </div>
      </Memo(Connect(Link))>
    </div>
  </div>
</div>
`;
