// Jest Snapshot v1, https://goo.gl/fbAQLP

exports[`<Twitter /> should render 1`] = `
<div
  className="twitter-block"
>
  <img
    alt="X logo"
    className="inline-logo"
    src={{}}
  />
  <Memo(Connect(Link))
    className="twitter-timeline"
    data-chrome="nofooter noborders noheader noscrollbar transparent"
    data-dnt="true"
    data-tweet-limit="1"
    href="https://twitter.com/InterProDB"
    target="_blank"
  >
     
    Posts by @
    InterProDB
  </Memo(Connect(Link))>
</div>
`;
