// Jest Snapshot v1, https://goo.gl/fbAQLP

exports[`<ByMemberDatabase /> Member Databases types 1`] = `
<div
  className="md-list"
  data-testid="by-member-database-box"
>
  <Memo(Connect(AnimatedEntry))
    className="row"
    element="div"
  >
    <div
      className="memberdb-block text-center"
    >
      <Memo(Loadable)
        data={
          {
            "description": "Pfam description",
            "location": Location {
              "assign": [Function],
              "hash": "",
              "host": "localhost:8080",
              "hostname": "localhost",
              "href": "http://localhost:8080/interpro/",
              "origin": "http://localhost:8080",
              "pathname": "/interpro/",
              "port": "8080",
              "protocol": "http:",
              "reload": [Function],
              "replace": [Function],
              "search": "",
              "toString": [Function],
            },
            "name": "Pfam",
            "releaseDate": "2018-10-02T00:00:00Z",
            "version": "32.0",
          }
        }
        processData={[Function]}
      />
      <Memo(Connect(Link))
        className="block"
        data-testid="member-database-pfam"
        to={
          {
            "description": {
              "entry": {
                "db": "pfam",
              },
              "main": {
                "key": "entry",
              },
            },
          }
        }
      >
        <MemberSymbol
          svg={false}
          type="pfam"
        />
      </Memo(Connect(Link))>
      <div
        className="name-row"
      >
        <div>
          <Memo(Connect(Link))
            className="block"
            data-testid="member-database-pfam"
            to={
              {
                "description": {
                  "entry": {
                    "db": "pfam",
                  },
                  "main": {
                    "key": "entry",
                  },
                },
              }
            }
          >
             
            <span
              className="card-title"
            >
              Pfam
               
            </span>
          </Memo(Connect(Link))>
          <Tooltip
            title="Pfam description"
          >
            <span
              aria-label="Pfam description"
              className="small icon icon-common"
              data-icon=""
              role="definition"
            />
          </Tooltip>
        </div>
      </div>
      <hr
        className="md pfam"
      />
      <small>
        32.0
      </small>
      <p
        className="margin-bottom-medium"
      >
        <span
          className="count visible"
        >
          <Memo(Connect(NumberComponent))
            abbr={true}
          >
            17860
          </Memo(Connect(NumberComponent))>
           entries
        </span>
      </p>
    </div>
  </Memo(Connect(AnimatedEntry))>
  <Memo(Connect(Link))
    className="button margin-bottom-none margin-top-large"
    to={
      {
        "description": {
          "entry": {
            "db": "InterPro",
          },
          "main": {
            "key": "entry",
          },
        },
      }
    }
  >
    View InterPro entries
  </Memo(Connect(Link))>
</div>
`;
