// Jest Snapshot v1, https://goo.gl/fbAQLP

exports[`<File /> should render 1`] = `
<Memo(Connect(FileButton))
  api={
    Object {
      "hostname": "wp-np3-ac.ebi.ac.uk",
      "port": "80",
      "protocol": "http:",
      "root": "/interpro/api/",
    }
  }
  count={6795}
  downloadURL={[Function]}
  entryDescription={
    Object {
      "accession": "IPR000001",
      "db": "InterPro",
    }
  }
  fileType="fasta"
  handleClick={[Function]}
  name="protein-sequences-matching-IPR000001.fasta"
  subpath="/"
  url="http://wp-np3-ac.ebi.ac.uk:80/interpro/api//"
/>
`;
