// Jest Snapshot v1, https://goo.gl/fbAQLP

exports[`<EntitiesMenu /> should render 1`] = `
<ul>
  <li>
    <Memo(Connect(MenuItem))
      activeClass="active"
      to={[Function]}
    >
      By Entry
    </Memo(Connect(MenuItem))>
  </li>
  <li>
    <Memo(Connect(MenuItem))
      activeClass="active"
      to={[Function]}
    >
      By Protein
    </Memo(Connect(MenuItem))>
  </li>
  <li>
    <Memo(Connect(MenuItem))
      activeClass="active"
      to={[Function]}
    >
      By Structure
    </Memo(Connect(MenuItem))>
  </li>
  <li>
    <Memo(Connect(MenuItem))
      activeClass="active"
      to={[Function]}
    >
      By Taxonomy
    </Memo(Connect(MenuItem))>
  </li>
  <li>
    <Memo(Connect(MenuItem))
      activeClass="active"
      to={[Function]}
    >
      By Proteome
    </Memo(Connect(MenuItem))>
  </li>
  <li>
    <Memo(Connect(MenuItem))
      activeClass="active"
      to={[Function]}
    >
      By Set
    </Memo(Connect(MenuItem))>
  </li>
</ul>
`;
