// Jest Snapshot v1, https://goo.gl/fbAQLP

exports[`<EntitiesMenu /> should render 1`] = `
<ul>
  <li>
    <Memo(ConnectFunction)
      activeClass="active"
      to={[Function]}
    >
      Entry
    </Memo(ConnectFunction)>
  </li>
  <li>
    <Memo(ConnectFunction)
      activeClass="active"
      to={[Function]}
    >
      Protein
    </Memo(ConnectFunction)>
  </li>
  <li>
    <Memo(ConnectFunction)
      activeClass="active"
      to={[Function]}
    >
      Structure
    </Memo(ConnectFunction)>
  </li>
  <li>
    <Memo(ConnectFunction)
      activeClass="active"
      to={[Function]}
    >
      Taxonomy
    </Memo(ConnectFunction)>
  </li>
  <li>
    <Memo(ConnectFunction)
      activeClass="active"
      to={[Function]}
    >
      Proteome
    </Memo(ConnectFunction)>
  </li>
  <li>
    <Memo(ConnectFunction)
      activeClass="active"
      to={[Function]}
    >
      Set
    </Memo(ConnectFunction)>
  </li>
</ul>
`;
