// Jest Snapshot v1, https://goo.gl/fbAQLP

exports[`<BlogEntries /> Blog entries 1`] = `
<section>
  <ResizeObserverComponent
    element="div"
    measurements={
      Array [
        "width",
      ]
    }
  >
    [Function]
  </ResizeObserverComponent>
  <div
    className="flex-column read-all"
  >
    <Memo(Connect(Link))
      href="https://proteinswebteam.github.io/interpro-blog"
      target="_blank"
    >
      <div
        className="button margin-bottom-none"
      >
        Read all articles
      </div>
    </Memo(Connect(Link))>
  </div>
</section>
`;

exports[`<BlogEntry /> Blog entry 1`] = `
<div
  className="flex-card"
  data-testid="blog-entries-box"
>
  <div
    className="card-image image-blog-biological"
  >
    <div
      className="card-tag tag-blog"
    >
      <Tooltip
        title="View all Blog articles"
      >
        <Memo(Connect(Link))
          className="white-link"
          href="https://proteinswebteam.github.io/interpro-blog/categories/interpro/"
          target="_blank"
        >
          Blog
        </Memo(Connect(Link))>
      </Tooltip>
    </div>
  </div>
  <div
    className="card-content"
  >
    <div
      className="card-title"
    >
      <h4>
        <Memo(Connect(Link))
          href="https://proteinswebteam.github.io/interpro-blog/2017/10/03/Homologous-superfamily/"
          target="_blank"
        >
          Protein Families classification
        </Memo(Connect(Link))>
      </h4>
    </div>
    <div
      className="card-info"
    />
    <div
      className="card-description"
      dangerouslySetInnerHTML={
        Object {
          "__html": "About InterPro",
        }
      }
    />
  </div>
  <Memo(Connect(Link))
    className="card-more"
    href="https://proteinswebteam.github.io/interpro-blog/2017/10/03/Homologous-superfamily/"
    target="_blank"
  >
    <div
      className="button-more icon icon-common icon-right"
      data-icon=""
    >
      Read more
    </div>
  </Memo(Connect(Link))>
</div>
`;
