// Jest Snapshot v1, https://goo.gl/fbAQLP

exports[`<Sequence /> should render 1`] = `
<section
  id="sequence"
>
  <div
    className="row columns"
  >
    <h5>
      Sequence
    </h5>
  </div>
  <div
    className="row"
  >
    <div
      className="small-12 medium-12 large-8 columns margin-bottom-large"
    >
      <div
        className="raw-sequence-viewer row raw-sequence-header"
      >
        &gt; A0A023NCQ6
      </div>
      <InnerSequence
        sequence="MASIRRPHSPAKQQHLLRHGHLGPFASSSPPSSPLRHSSSSSSPRSAAHHHHHLLAAAGHTSFRRPLPRFAAFFLLGSFLGLLHFLSHLPRPLGPIPNPNSHHRHRDPFPILQHPHPPSTPHSNHKLLIVVTPTRARPSQAYYLTRMAHTLRLLHDSPLLWIVVQAGNPTPEAAAALRRTAVLHRYVGCCHNINASAPDFRPHQINAALDIVDNHRLDGVLYFADEEGVYSLHLFHHLRQIRRFATWPVPEISQHTNEVVLQGPVCKQGQVVGWHTTHDGNKLRRFHLAMSGFAFNSTMLWDPKLRSHLAWNSIRHPEMVKESLQGSAFVEQLVEDESQMEGIPADCSQIMNWHVPFGSESVVYPKGWRVATDLDVIIPLK"
      />
    </div>
    <div
      className="small-12 medium-12 large-4 columns"
    >
      <Memo(Connect(IPScanButton))
        minWidth="302px"
        sequence={[Function]}
        title="Search selection with InterProScan"
      />
      <DownloadButton
        accession="A0A023NCQ6"
        sequence="MASIRRPHSPAKQQHLLRHGHLGPFASSSPPSSPLRHSSSSSSPRSAAHHHHHLLAAAGHTSFRRPLPRFAAFFLLGSFLGLLHFLSHLPRPLGPIPNPNSHHRHRDPFPILQHPHPPSTPHSNHKLLIVVTPTRARPSQAYYLTRMAHTLRLLHDSPLLWIVVQAGNPTPEAAAALRRTAVLHRYVGCCHNINASAPDFRPHQINAALDIVDNHRLDGVLYFADEEGVYSLHLFHHLRQIRRFATWPVPEISQHTNEVVLQGPVCKQGQVVGWHTTHDGNKLRRFHLAMSGFAFNSTMLWDPKLRSHLAWNSIRHPEMVKESLQGSAFVEQLVEDESQMEGIPADCSQIMNWHVPFGSESVVYPKGWRVATDLDVIIPLK"
      />
    </div>
  </div>
</section>
`;
