// Jest Snapshot v1, https://goo.gl/fbAQLP

exports[`<ErrorMessage /> should render error message 1`] = `
<div
  className="row"
>
  <div
    className="columns"
  >
    <div
      className="callout info withicon"
    >
      An error was encountered while trying to load an element of this page.
    </div>
    <p>
      Please try reloading the page to see if this resolves the problem.
    </p>
    <button
      className="button"
      onClick={[Function]}
    >
      Reload this page
    </button>
    <p>
      If this error persists, please get in touch with us through our contact form.
    </p>
    <Memo(Connect(Link))
      className="button"
      href="https://www.ebi.ac.uk/support/interpro"
      target="_blank"
      withReferrer={true}
    >
      <span
        aria-label="email"
        role="img"
      >
        ✉
      </span>
      ️ Contact form
    </Memo(Connect(Link))>
  </div>
</div>
`;

exports[`<LoadingComponent /> should render in loading state after delay and time out 1`] = `<LoadingMessage />`;

exports[`<LoadingComponent /> should render in loading state after delay but before time out 1`] = `<LoadingMessage />`;

exports[`<LoadingComponent /> should render in with error 1`] = `<ErrorMessage />`;

exports[`<LoadingMessage /> should render loading message 1`] = `<Loading />`;
