// Jest Snapshot v1, https://goo.gl/fbAQLP

exports[`<ErrorMessage /> should render error message 1`] = `
<div
  className="row"
>
  <div
    className="columns"
  >
    <div
      className="callout info withicon"
    >
      An error happened while trying to load a component of this page.
    </div>
    <p>
      If you really want this part of the page you might want to reload it.
    </p>
    <button
      className="button"
      onClick={[Function]}
    >
      Reload this page
    </button>
    <p>
      If this keeps happening, you might want to get in touch with us through our contact form.
    </p>
    <Connect(Link)
      className="button"
      href="https://www.ebi.ac.uk/support/interpro"
      target="_blank"
      withReferrer={true}
    >
      ✉️ Contact form
    </Connect(Link)>
  </div>
</div>
`;

exports[`<LoadingComponent /> should render in loading state after delay and time out 1`] = `<LoadingMessage />`;

exports[`<LoadingComponent /> should render in loading state after delay but before time out 1`] = `<LoadingMessage />`;

exports[`<LoadingComponent /> should render in with error 1`] = `<ErrorMessage />`;

exports[`<LoadingMessage /> should render loading message 1`] = `<Loading />`;
