// Jest Snapshot v1, https://goo.gl/fbAQLP

exports[`<ErrorMessage /> should render error message 1`] = `
<div
  className="row"
>
  <div
    className="columns"
  >
    <div
      className="callout info withicon"
    >
      An error was encountered while trying to load an element on this page.
    </div>
    <p>
      Please try reloading the page using the button below to see if this resolves the problem.
    </p>
    <button
      className="button"
      onClick={[Function]}
    >
      Clear the cache & reload
    </button>
    <div>
      You can also try to hard-refresh your browser
       
      <Tooltip
        interactive={true}
        title={
          <div>
            <h5>
              Chrome
            </h5>
            <ul>
              <li>
                <b>
                  Windows/Linux: 
                </b>
                Hold down Ctrl and click the reload button. Or, hold down Ctrl and press F5
              </li>
              <li>
                <b>
                  Mac: 
                </b>
                Hold ⇧ Shift and click the reload button. Or, hold down ⌘ Cmd and ⇧ Shift key and then press R.
              </li>
            </ul>
            <hr />
            <h5>
              Mozilla Firefox
            </h5>
            <ul>
              <li>
                <b>
                  Windows/Linux: 
                </b>
                Hold the Ctrl key and press the F5 key. Or, hold down Ctrl and ⇧ Shift and then press R.
              </li>
              <li>
                <b>
                  Mac: 
                </b>
                Hold down the ⇧ Shift and click the reload button. Or, hold down ⌘ Cmd and ⇧ Shift and then press R.
              </li>
            </ul>
          </div>
        }
      >
        <span
          className="small icon icon-common"
          data-icon=""
        />
      </Tooltip>
    </div>
    <hr
      style={
        {
          "borderColor": "grey",
          "margin": "1em",
        }
      }
    />
    <div>
      If you continue to experience this error, please reach out to us using our contact form.
    </div>
    <Memo(Connect(Link))
      className="button"
      href="https://www.ebi.ac.uk/support/interpro"
      target="_blank"
      withReferrer={true}
    >
      <span
        aria-label="email"
        role="img"
      >
        ✉
      </span>
      ️ Contact form
    </Memo(Connect(Link))>
  </div>
</div>
`;

exports[`<LoadingComponent /> should render in loading state after delay and time out 1`] = `<LoadingMessage />`;

exports[`<LoadingComponent /> should render in loading state after delay but before time out 1`] = `<LoadingMessage />`;

exports[`<LoadingComponent /> should render in with error 1`] = `<ErrorMessage />`;

exports[`<LoadingMessage /> should render loading message 1`] = `<Loading />`;
