// Jest Snapshot v1, https://goo.gl/fbAQLP

exports[`<InterProMenu /> should render 1`] = `
<ul
  className=" interpro-menu"
>
  <li>
    <Memo(Connect(MenuItem))
      exact={true}
      to={
        Object {
          "description": Object {},
        }
      }
    >
      <span />
      Home
    </Memo(Connect(MenuItem))>
  </li>
  <li>
    <Memo(Connect(MenuItem))
      to={
        Object {
          "description": Object {
            "main": Object {
              "key": "search",
            },
          },
        }
      }
    >
      <i
        className="icon icon-common"
        data-icon=""
      />
      Search
    </Memo(Connect(MenuItem))>
  </li>
  <li>
    <Memo(Connect(MenuItem))
      activeClass={[Function]}
      to={[Function]}
    >
      <i
        className="icon icon-common"
        data-icon="b"
      />
      Browse
    </Memo(Connect(MenuItem))>
  </li>
  <li>
    <Memo(Connect(MenuItem))
      to={[Function]}
    >
      <i
        className="icon icon-common"
        data-icon="*"
      />
      Results
    </Memo(Connect(MenuItem))>
  </li>
  <li>
    <Memo(Connect(MenuItem))
      to={
        Object {
          "description": Object {
            "other": Array [
              "release_notes",
            ],
          },
        }
      }
    >
      <i
        className="icon icon-common"
        data-icon=""
      />
      Release notes
    </Memo(Connect(MenuItem))>
  </li>
  <li>
    <Memo(Connect(MenuItem))
      to={
        Object {
          "description": Object {
            "other": Array [
              "download",
            ],
          },
        }
      }
    >
      <i
        className="icon icon-common"
        data-icon="="
      />
      Download
    </Memo(Connect(MenuItem))>
  </li>
  <li>
    <Memo(Connect(MenuItem))
      to={
        Object {
          "description": Object {
            "other": Array [
              "help",
            ],
          },
        }
      }
    >
      <i
        className="icon icon-common"
        data-icon=""
      />
      Help
    </Memo(Connect(MenuItem))>
  </li>
  <li>
    <Memo(Connect(MenuItem))
      to={
        Object {
          "description": Object {
            "other": Array [
              "about",
            ],
          },
        }
      }
    >
      <i
        className="icon icon-common"
        data-icon=""
      />
      About
    </Memo(Connect(MenuItem))>
  </li>
  <li>
    <Memo(Connect(MenuItem))
      to={
        Object {
          "description": Object {
            "other": Array [
              "settings",
            ],
          },
        }
      }
    >
      <i
        className="icon icon-common"
        data-icon=""
      />
      Settings
    </Memo(Connect(MenuItem))>
  </li>
</ul>
`;
