// Jest Snapshot v1, https://goo.gl/fbAQLP

exports[`<Consortium /> should render 1`] = `
<section>
  <h4>
    Funding
  </h4>
  <p>
    InterPro is supported by EMBL, with additional funding gratefully received from the Biotechnology and Biological Sciences Research Council (BBSRC grants BB/L024136/1 and BB/N00521X/1) and the Wellcome Trust (grant 108433/Z/15/Z).
  </p>
</section>
`;
