// Jest Snapshot v1, https://goo.gl/fbAQLP

exports[`<DownloadForm /> should render 1`] = `
<form
  className="download-form"
  onChange={[Function]}
>
  <h4>
    Select data
  </h4>
  <fieldset
    className="fieldset"
  >
    <legend>
      Main data type
    </legend>
    <label>
      Choose a main data type:
      <select
        defaultValue="entry"
        name="description.main.key"
      >
        <option
          value="entry"
        >
          entry
        </option>
        <option
          value="protein"
        >
          protein
        </option>
        <option
          value="structure"
        >
          structure
        </option>
        <option
          value="taxonomy"
        >
          taxonomy
        </option>
        <option
          value="proteome"
        >
          proteome
        </option>
        <option
          value="set"
        >
          set
        </option>
      </select>
    </label>
    <DBChoiceInput
      name="description.entry.db"
      onClick={[Function]}
      type="entry"
      value="interpro"
      valueIntegration=""
    />
  </fieldset>
  <fieldset
    className="fieldset"
  >
    <legend>
      Filters
    </legend>
    <div>
      Add a filter:
      <div
        className="button-group"
      >
        <button
          className="button"
          data-key="description.protein.isFilter"
          data-value={true}
          onClick={[Function]}
          type="button"
          value="protein"
        >
          protein
        </button>
        <button
          className="button"
          data-key="description.structure.isFilter"
          data-value={true}
          onClick={[Function]}
          type="button"
          value="structure"
        >
          structure
        </button>
        <button
          className="button"
          data-key="description.taxonomy.isFilter"
          data-value={true}
          onClick={[Function]}
          type="button"
          value="taxonomy"
        >
          taxonomy
        </button>
        <button
          className="button"
          data-key="description.proteome.isFilter"
          data-value={true}
          onClick={[Function]}
          type="button"
          value="proteome"
        >
          proteome
        </button>
        <button
          className="button"
          data-key="description.set.isFilter"
          data-value={true}
          onClick={[Function]}
          type="button"
          value="set"
        >
          set
        </button>
      </div>
      <ul
        className="no-bullet"
      />
    </div>
  </fieldset>
  <h5>
    More info
  </h5>
  <ApiLink
    url="https://wwwdev.ebi.ac.uk:443/interpro7/api/entry/InterPro/"
  />
  <Memo(ConnectFunction)
    fileType="accession"
    subset={false}
    url="https://wwwdev.ebi.ac.uk:443/interpro7/api/entry/InterPro/"
  >
    [Function]
  </Memo(ConnectFunction)>
</form>
`;
