// Jest Snapshot v1, https://goo.gl/fbAQLP

exports[`<SearchByText /> should render 1`] = `
<section
  className="vf-stack vf-stack--400"
>
  <Memo(Loadable)
    data={
      {
        "description": "Search families, domains, proteins, keywords or GO terms",
        "name": "Search By Text",
      }
    }
    processData={[Function]}
  />
  <form
    data-category="navigation"
    onSubmit={[Function]}
  >
    <div
      className="simple-box"
    >
      <header>
        Search by protein families, domains, proteins, keywords, or GO terms
      </header>
      <div
        className="vf-stack vf-stack--200"
      >
        <Connect(TextSearchBox)
          delay={1000}
          setSearchValue={[Function]}
        />
        <div
          className="examples"
        >
          <span>
             
            Examples:
            <Example>
              IPR020422
            </Example>
            ,
            <Example>
              kinase
            </Example>
            ,
            <Example>
              O00167
            </Example>
            ,
            <Example>
              PF02932
            </Example>
            ,
            <Example>
              GO:0007165
            </Example>
            ,
            <Example>
              1t2v
            </Example>
            ,
            <Example>
              UP000005640
            </Example>
          </span>
        </div>
      </div>
      <footer>
        <div>
          <Memo(Connect(Link))
            buttonType="primary"
            href={null}
            to={
              {
                "description": {
                  "main": {
                    "key": "search",
                  },
                  "search": {
                    "type": "text",
                    "value": "",
                  },
                },
              }
            }
          >
            Search
          </Memo(Connect(Link))>
          <Memo(Connect(Link))
            buttonType="secondary"
            onClick={[Function]}
            to={
              {
                "description": {
                  "main": {
                    "key": "search",
                  },
                  "search": {
                    "type": "text",
                  },
                },
              }
            }
          >
            Clear
          </Memo(Connect(Link))>
        </div>
        <div
          className="search-adv"
        >
          <span>
            Powered by
             
            <Memo(Connect(Link))
              className="neutral ext"
              href="https://www.ebi.ac.uk/ebisearch/"
              target="_blank"
            >
              EBI search
            </Memo(Connect(Link))>
          </span>
        </div>
      </footer>
    </div>
  </form>
</section>
`;
