// Jest Snapshot v1, https://goo.gl/fbAQLP

exports[`<SummaryProtein /> should render 1`] = `
<div
  className="vf-stack vf-stack--400"
>
  <Memo(Loadable)
    data={
      {
        "gene": "moeA5",
      }
    }
    processData={[Function]}
  />
  <Memo(Loadable)
    data={
      {
        "fullName": "Streptomyces viridosporus",
        "scientificName": "Streptomyces viridosporus",
        "taxId": "67581",
      }
    }
    processData={[Function]}
  />
  <section
    className="vf-grid summary-grid"
  >
    <div
      className="vf-stack"
    >
      <table
        className="vf-table left-headers"
      >
        <tbody>
          <tr>
            <td
              style={
                {
                  "maxWidth": "50%",
                }
              }
            >
              Short name
            </td>
            <td>
              <i
                className="shortname"
                data-testid="protein-shortname"
              >
                A0A000_STRVD
              </i>
            </td>
          </tr>
          <tr>
            <td>
              Length
            </td>
            <td
              data-testid="protein-length"
            >
              <Length
                metadata={
                  {
                    "accession": "A0A000",
                    "counters": {
                      "dbEntries": {
                        "cathgene3d": 2,
                        "cdd": 1,
                        "interpro": 5,
                        "panther": 2,
                        "pfam": 1,
                        "ssf": 1,
                        "tigrfams": 1,
                      },
                      "entries": 13,
                      "idas": 323222,
                      "isoforms": 0,
                      "proteome": 0,
                      "proteomes": 0,
                      "sets": 3,
                      "similar_proteins": 323222,
                      "structures": 0,
                      "taxa": 1,
                      "taxonomy": 1,
                    },
                    "description": [],
                    "gene": "moeA5",
                    "go_terms": [
                      {
                        "category": {
                          "code": "F",
                          "name": "molecular_function",
                        },
                        "identifier": "GO:0030170",
                        "name": "pyridoxal phosphate binding",
                      },
                    ],
                    "id": "A0A000_STRVD",
                    "ida_accession": "220d43766bfe69807874ea078bc783ea7854e968",
                    "is_fragment": false,
                    "length": 394,
                    "name": {
                      "name": "MoeA5",
                    },
                    "protein_evidence": 4,
                    "proteome": null,
                    "sequence": "MDFFVRLARETGDRKREFLELGRKAGRFPAASTSNGEISIWCSNDYLGMGQHPDVLDAMKRSVDEYGGGSGGSRNTGGTNHFHVALEREPAEPHGKEDAVLFTSGYSAN",
                    "source_database": "unreviewed",
                    "source_organism": {
                      "fullName": "Streptomyces viridosporus",
                      "scientificName": "Streptomyces viridosporus",
                      "taxId": "67581",
                    },
                  }
                }
              />
            </td>
          </tr>
          <tr>
            <td>
              Species
            </td>
            <td
              data-testid="protein-species"
            >
              <Species
                fullName="Streptomyces viridosporus"
                taxID="67581"
              />
            </td>
          </tr>
          <tr>
            <td>
              Gene
            </td>
            <td>
              moeA5
            </td>
          </tr>
          <tr>
            <td>
              Family membership
            </td>
            <td>
              <FamilyHierarchy
                entriesCounter={13}
                families={null}
                matchesLoaded={false}
              />
            </td>
          </tr>
        </tbody>
      </table>
    </div>
    <div
      className="vf-stack"
    >
      <section>
        <section>
          <h5>
            External Links
          </h5>
          <ul
            className="no-bullet"
          >
            <li>
              <UniProtLink
                className="ext"
                id="A0A000"
              >
                UniProt
              </UniProtLink>
            </li>
          </ul>
        </section>
        <hr
          style={
            {
              "margin": "0.8em",
            }
          }
        />
        <Memo(Connect(IPScanButton))
          minWidth="200px"
          sequence="%3EA0A000_STRVD%201-109%0AMDFFVRLARETGDRKREFLELGRKAGRFPAASTSNGEISIWCSNDYLGMGQHPDVLDAMKRSVDEYGGGSGGSRNTGGTN%0AHFHVALEREPAEPHGKEDAVLFTSGYSAN%0A"
          title="Search sequence with InterProScan"
        />
        <label
          style={
            {
              "marginBottom": "0.4rem",
            }
          }
        >
          <FileExporter
            count={13}
            description={
              {
                "entry": {
                  "integration": "all",
                },
                "main": {
                  "key": "protein",
                },
                "protein": {
                  "accession": "A0A000",
                  "db": "unreviewed",
                },
              }
            }
            fileType="tsv"
            label="Download matches (TSV)"
            minWidth="200px"
            primary="entry"
            secondary="protein"
          />
        </label>
        <DownloadButton
          accession="A0A000"
          sequence="MDFFVRLARETGDRKREFLELGRKAGRFPAASTSNGEISIWCSNDYLGMGQHPDVLDAMKRSVDEYGGGSGGSRNTGGTNHFHVALEREPAEPHGKEDAVLFTSGYSAN"
        />
      </section>
    </div>
  </section>
  <section
    className="vf-stack vf-stack--200"
  >
    <Memo(Connect(loadData(Viewer))) />
    <section>
      <Memo(Connect(Connect(loadData(Connect(loadData(Connect(loadData(loadExternalSources(Connect(loadData(Connect(loadData(Connect(loadData(Connect(loadData(Connect(loadData(Connect(loadData(Connect(loadData(Connect(loadData(DomainOnProteinWithoutData)))))))))))))))))))))))))
        mainData={
          {
            "metadata": {
              "accession": "A0A000",
              "counters": {
                "dbEntries": {
                  "cathgene3d": 2,
                  "cdd": 1,
                  "interpro": 5,
                  "panther": 2,
                  "pfam": 1,
                  "ssf": 1,
                  "tigrfams": 1,
                },
                "entries": 13,
                "idas": 323222,
                "isoforms": 0,
                "proteome": 0,
                "proteomes": 0,
                "sets": 3,
                "similar_proteins": 323222,
                "structures": 0,
                "taxa": 1,
                "taxonomy": 1,
              },
              "description": [],
              "gene": "moeA5",
              "go_terms": [
                {
                  "category": {
                    "code": "F",
                    "name": "molecular_function",
                  },
                  "identifier": "GO:0030170",
                  "name": "pyridoxal phosphate binding",
                },
              ],
              "id": "A0A000_STRVD",
              "ida_accession": "220d43766bfe69807874ea078bc783ea7854e968",
              "is_fragment": false,
              "length": 394,
              "name": {
                "name": "MoeA5",
              },
              "protein_evidence": 4,
              "proteome": null,
              "sequence": "MDFFVRLARETGDRKREFLELGRKAGRFPAASTSNGEISIWCSNDYLGMGQHPDVLDAMKRSVDEYGGGSGGSRNTGGTNHFHVALEREPAEPHGKEDAVLFTSGYSAN",
              "source_database": "unreviewed",
              "source_organism": {
                "fullName": "Streptomyces viridosporus",
                "scientificName": "Streptomyces viridosporus",
                "taxId": "67581",
              },
            },
          }
        }
        onFamiliesFound={[Function]}
        onMatchesLoaded={[Function]}
      />
    </section>
  </section>
  <GoTerms
    terms={
      [
        {
          "category": {
            "code": "F",
            "name": "molecular_function",
          },
          "identifier": "GO:0030170",
          "name": "pyridoxal phosphate binding",
        },
      ]
    }
    type="protein"
  />
  <PantherGoTerms
    subfamilies={[]}
  />
</div>
`;
