// Jest Snapshot v1, https://goo.gl/fbAQLP

exports[`<CookieBanner /> should render 1`] = `
<Connect(AnimatedEntry)
  animateSelf={true}
  element="div"
  keyframes={
    Object {
      "opacity": Array [
        0,
        1,
      ],
      "transform": Array [
        "translateY(100%)",
        "translateY(0)",
      ],
    }
  }
  style={
    Object {
      "background": "rgba(0, 0, 0, 0.85)",
      "bottom": 0,
      "color": "#eee",
      "padding": "0.75em",
      "position": "fixed",
      "width": "100vw",
      "zIndex": 101,
    }
  }
>
  <div
    className="row"
    style={
      Object {
        "alignItems": "baseline",
        "display": "flex",
      }
    }
  >
    <span
      style={
        Object {
          "flex": 1,
          "marginRight": "2em",
        }
      }
    >
      This website requires cookies, and the limited processing of your personal data in order to function. By using the site you are agreeing to this as outlined in our Privacy Notice and
       
      <Connect(Link)
        href="https://www.ebi.ac.uk/about/terms-of-use"
        style={
          Object {
            "color": "#f8f8f8",
          }
        }
        target="_blank"
      >
        Terms of Use
      </Connect(Link)>
      .
    </span>
    <button
      onClick={[Function]}
      style={
        Object {
          "color": "#fff",
        }
      }
    >
      I agree, dismiss this banner
    </button>
  </div>
</Connect(AnimatedEntry)>
`;
