// Jest Snapshot v1, https://goo.gl/fbAQLP

exports[`<MatchesOnProtein /> should render 1`] = `
<div
  className="track-in-table"
>
  <div
    className="track-container"
  >
    <div
      className="aligned-to-track-component"
    >
      <nightingale-sequence
        display-end={597}
        display-start="1"
        height="30"
        length={597}
        use-ctrl-to-zoom={true}
      />
    </div>
  </div>
  <div
    className="track-component"
  >
    <Tooltip
      title="Predicted domain from Genome3D resource 'pDomTHREADER' based on UniProtKB Q80YC5/355-492 matching classification 1yphC00"
    >
      <nightingale-interpro-track
        display-end={597}
        display-start="1"
        expanded={true}
        id="track_Q80YC5"
        length={597}
        use-ctrl-to-zoom={true}
      />
    </Tooltip>
  </div>
</div>
`;
