// Jest Snapshot v1, https://goo.gl/fbAQLP

exports[`getEmptyDescription should return new empty description object 1`] = `
Object {
  "entry": Object {
    "accession": null,
    "db": null,
    "detail": null,
    "integration": null,
    "isFilter": null,
    "memberDB": null,
    "memberDBAccession": null,
  },
  "job": Object {
    "accession": null,
    "detail": null,
    "type": null,
  },
  "main": Object {
    "key": null,
  },
  "other": Object {
    "0": null,
    "1": null,
  },
  "protein": Object {
    "accession": null,
    "db": null,
    "detail": null,
    "isFilter": null,
  },
  "proteome": Object {
    "accession": null,
    "db": null,
    "detail": null,
    "isFilter": null,
  },
  "search": Object {
    "type": null,
    "value": null,
  },
  "set": Object {
    "accession": null,
    "db": null,
    "detail": null,
    "isFilter": null,
  },
  "structure": Object {
    "accession": null,
    "chain": null,
    "db": null,
    "detail": null,
    "isFilter": null,
  },
  "taxonomy": Object {
    "accession": null,
    "db": null,
    "detail": null,
    "isFilter": null,
  },
}
`;
