// Jest Snapshot v1, https://goo.gl/fbAQLP

exports[`<ByEntriesFeatured /> By Entries Featured 1`] = `
<div
  className="feat-entry-list"
>
  <div
    className="row"
  >
    <div
      className="columns"
    >
      <Memo(Connect(AnimatedEntry))
        className="wrapper"
        element="div"
      >
        <EntryCard
          entry={
            {
              "extra_fields": {
                "counters": {
                  "domain_architectures": 0,
                  "proteins": 504,
                  "proteomes": 141,
                  "sets": 0,
                  "structures": 0,
                  "taxa": 220,
                },
              },
              "metadata": {
                "accession": "IPR026652",
                "member_databases": {
                  "panther": {
                    "PTHR46657": "FAMILY NOT NAMED",
                  },
                },
                "name": "Centrosomal protein of 128kDa",
                "source_database": "interpro",
                "type": "family",
              },
            }
          }
        />
      </Memo(Connect(AnimatedEntry))>
      <Memo(Connect(Link))
        className="button margin-bottom-none"
        to={
          {
            "description": {
              "entry": {
                "db": "InterPro",
              },
              "main": {
                "key": "entry",
              },
            },
            "search": {
              "latest_entries": "",
            },
          }
        }
      >
        View all latest entries
      </Memo(Connect(Link))>
    </div>
  </div>
</div>
`;
